Component: ARM Compiler 5.06 update 1 (build 61) Tool: armlink [4d35a8]

==============================================================================

Section Cross References

    main.o(i.main) refers to _printf_percent.o(.ARM.Collect$$_printf_percent$$00000000) for _printf_percent
    main.o(i.main) refers to _printf_d.o(.ARM.Collect$$_printf_percent$$00000009) for _printf_d
    main.o(i.main) refers to _printf_dec.o(.text) for _printf_int_dec
    main.o(i.main) refers to _printf_s.o(.ARM.Collect$$_printf_percent$$00000014) for _printf_s
    main.o(i.main) refers to _printf_str.o(.text) for _printf_str
    main.o(i.main) refers to key.o(i.key_init) for key_init
    main.o(i.main) refers to led.o(i.led_init) for led_init
    main.o(i.main) refers to key.o(i.key_on) for key_on
    main.o(i.main) refers to misc.o(i.NVIC_PriorityGroupConfig) for NVIC_PriorityGroupConfig
    main.o(i.main) refers to exti.o(i.exti0_init) for exti0_init
    main.o(i.main) refers to usart.o(i.uart3_init) for uart3_init
    main.o(i.main) refers to delay.o(i.delay_init) for delay_init
    main.o(i.main) refers to sd.o(i.sd_init) for sd_init
    main.o(i.main) refers to ff.o(i.f_mount) for f_mount
    main.o(i.main) refers to __2printf.o(.text) for __2printf
    main.o(i.main) refers to ff.o(i.f_open) for f_open
    main.o(i.main) refers to ff.o(i.f_sync) for f_sync
    main.o(i.main) refers to ff.o(i.f_write) for f_write
    main.o(i.main) refers to ff.o(i.f_lseek) for f_lseek
    main.o(i.main) refers to ff.o(i.f_read) for f_read
    main.o(i.main) refers to ff.o(i.f_close) for f_close
    main.o(i.main) refers to main.o(.constdata) for .constdata
    system_stm32f10x.o(i.SetSysClock) refers to system_stm32f10x.o(i.SetSysClockTo24) for SetSysClockTo24
    system_stm32f10x.o(i.SystemCoreClockUpdate) refers to system_stm32f10x.o(.data) for SystemCoreClock
    system_stm32f10x.o(i.SystemInit) refers to system_stm32f10x.o(i.SetSysClock) for SetSysClock
    startup_stm32f10x_md_vl.o(STACK) refers (Special) to heapauxi.o(.text) for __use_two_region_memory
    startup_stm32f10x_md_vl.o(HEAP) refers (Special) to heapauxi.o(.text) for __use_two_region_memory
    startup_stm32f10x_md_vl.o(RESET) refers (Special) to heapauxi.o(.text) for __use_two_region_memory
    startup_stm32f10x_md_vl.o(RESET) refers to startup_stm32f10x_md_vl.o(STACK) for __initial_sp
    startup_stm32f10x_md_vl.o(RESET) refers to startup_stm32f10x_md_vl.o(.text) for Reset_Handler
    startup_stm32f10x_md_vl.o(RESET) refers to stm32f10x_it.o(i.NMI_Handler) for NMI_Handler
    startup_stm32f10x_md_vl.o(RESET) refers to stm32f10x_it.o(i.HardFault_Handler) for HardFault_Handler
    startup_stm32f10x_md_vl.o(RESET) refers to stm32f10x_it.o(i.MemManage_Handler) for MemManage_Handler
    startup_stm32f10x_md_vl.o(RESET) refers to stm32f10x_it.o(i.BusFault_Handler) for BusFault_Handler
    startup_stm32f10x_md_vl.o(RESET) refers to stm32f10x_it.o(i.UsageFault_Handler) for UsageFault_Handler
    startup_stm32f10x_md_vl.o(RESET) refers to stm32f10x_it.o(i.SVC_Handler) for SVC_Handler
    startup_stm32f10x_md_vl.o(RESET) refers to stm32f10x_it.o(i.DebugMon_Handler) for DebugMon_Handler
    startup_stm32f10x_md_vl.o(RESET) refers to stm32f10x_it.o(i.PendSV_Handler) for PendSV_Handler
    startup_stm32f10x_md_vl.o(RESET) refers to stm32f10x_it.o(i.SysTick_Handler) for SysTick_Handler
    startup_stm32f10x_md_vl.o(RESET) refers to exti.o(i.EXTI0_IRQHandler) for EXTI0_IRQHandler
    startup_stm32f10x_md_vl.o(RESET) refers to usart.o(i.USART1_IRQHandler) for USART1_IRQHandler
    startup_stm32f10x_md_vl.o(RESET) refers to usart.o(i.USART2_IRQHandler) for USART2_IRQHandler
    startup_stm32f10x_md_vl.o(RESET) refers to usart.o(i.USART3_IRQHandler) for USART3_IRQHandler
    startup_stm32f10x_md_vl.o(.text) refers (Special) to heapauxi.o(.text) for __use_two_region_memory
    startup_stm32f10x_md_vl.o(.text) refers to system_stm32f10x.o(i.SystemInit) for SystemInit
    startup_stm32f10x_md_vl.o(.text) refers to __main.o(!!!main) for __main
    startup_stm32f10x_md_vl.o(.text) refers to startup_stm32f10x_md_vl.o(HEAP) for Heap_Mem
    startup_stm32f10x_md_vl.o(.text) refers to startup_stm32f10x_md_vl.o(STACK) for Stack_Mem
    delay.o(i.delay_init) refers to misc.o(i.SysTick_CLKSourceConfig) for SysTick_CLKSourceConfig
    delay.o(i.delay_init) refers to system_stm32f10x.o(.data) for SystemCoreClock
    delay.o(i.delay_init) refers to delay.o(.data) for fac_us
    delay.o(i.delay_ms) refers to delay.o(.data) for fac_ms
    delay.o(i.delay_us) refers to delay.o(.data) for fac_us
    usart.o(i.Clear_Buffer2) refers (Special) to use_no_semi_2.o(.text) for __use_no_semihosting
    usart.o(i.Clear_Buffer2) refers to usart.o(i.Uart1_SendStr) for Uart1_SendStr
    usart.o(i.Clear_Buffer2) refers to usart.o(.bss) for RxBuffer2
    usart.o(i.Clear_Buffer2) refers to usart.o(.data) for RxCounter2
    usart.o(i.Clear_Buffer3) refers (Special) to use_no_semi_2.o(.text) for __use_no_semihosting
[...]
    Removing stm32f10x_usart.o(i.USART_SendData), (8 bytes).
    Removing stm32f10x_usart.o(i.USART_SetAddress), (18 bytes).
    Removing stm32f10x_usart.o(i.USART_SetGuardTime), (16 bytes).
    Removing stm32f10x_usart.o(i.USART_SetPrescaler), (16 bytes).
    Removing stm32f10x_usart.o(i.USART_SmartCardCmd), (24 bytes).
    Removing stm32f10x_usart.o(i.USART_SmartCardNACKCmd), (24 bytes).
    Removing stm32f10x_usart.o(i.USART_StructInit), (24 bytes).
    Removing stm32f10x_usart.o(i.USART_WakeUpConfig), (18 bytes).
    Removing stm32f10x_wwdg.o(i.WWDG_ClearFlag), (12 bytes).
    Removing stm32f10x_wwdg.o(i.WWDG_DeInit), (22 bytes).
    Removing stm32f10x_wwdg.o(i.WWDG_Enable), (16 bytes).
    Removing stm32f10x_wwdg.o(i.WWDG_EnableIT), (12 bytes).
    Removing stm32f10x_wwdg.o(i.WWDG_GetFlagStatus), (12 bytes).
    Removing stm32f10x_wwdg.o(i.WWDG_SetCounter), (16 bytes).
    Removing stm32f10x_wwdg.o(i.WWDG_SetPrescaler), (24 bytes).
    Removing stm32f10x_wwdg.o(i.WWDG_SetWindowValue), (40 bytes).

492 unused section(s) (total 23850 bytes) removed from the image.

==============================================================================

Image Symbol Table

    Local Symbols

    Symbol Name                              Value     Ov Type        Size  Object(Section)

    ../clib/angel/boardlib.s                 0x00000000   Number         0  boardinit1.o ABSOLUTE
    ../clib/angel/boardlib.s                 0x00000000   Number         0  boardshut.o ABSOLUTE
    ../clib/angel/boardlib.s                 0x00000000   Number         0  boardinit2.o ABSOLUTE
    ../clib/angel/boardlib.s                 0x00000000   Number         0  boardinit3.o ABSOLUTE
    ../clib/angel/handlers.s                 0x00000000   Number         0  __scatter_copy.o ABSOLUTE
    ../clib/angel/handlers.s                 0x00000000   Number         0  __scatter_zi.o ABSOLUTE
    ../clib/angel/kernel.s                   0x00000000   Number         0  rtexit.o ABSOLUTE
    ../clib/angel/kernel.s                   0x00000000   Number         0  __rtentry2.o ABSOLUTE
    ../clib/angel/kernel.s                   0x00000000   Number         0  __rtentry4.o ABSOLUTE
    ../clib/angel/kernel.s                   0x00000000   Number         0  __rtentry.o ABSOLUTE
    ../clib/angel/kernel.s                   0x00000000   Number         0  rtexit2.o ABSOLUTE
    ../clib/angel/rt.s                       0x00000000   Number         0  rt_locale_intlibspace.o ABSOLUTE
    ../clib/angel/rt.s                       0x00000000   Number         0  rt_raise.o ABSOLUTE
    ../clib/angel/rt.s                       0x00000000   Number         0  rt_ctype_table.o ABSOLUTE
    ../clib/angel/rt.s                       0x00000000   Number         0  rt_locale.o ABSOLUTE
    ../clib/angel/scatter.s                  0x00000000   Number         0  __scatter.o ABSOLUTE
    ../clib/angel/startup.s                  0x00000000   Number         0  __main.o ABSOLUTE
    ../clib/angel/sys.s                      0x00000000   Number         0  libspace.o ABSOLUTE
    ../clib/angel/sys.s                      0x00000000   Number         0  sys_stackheap_outer.o ABSOLUTE
    ../clib/angel/sys.s                      0x00000000   Number         0  use_no_semi_2.o ABSOLUTE
    ../clib/angel/sys.s                      0x00000000   Number         0  use_no_semi.o ABSOLUTE
    ../clib/angel/sys.s                      0x00000000   Number         0  indicate_semi.o ABSOLUTE
    ../clib/angel/sysapp.c                   0x00000000   Number         0  sys_wrch.o ABSOLUTE
    ../clib/angel/sysapp.c                   0x00000000   Number         0  sys_command.o ABSOLUTE
    ../clib/armsys.c                         0x00000000   Number         0  argv_veneer.o ABSOLUTE
    ../clib/armsys.c                         0x00000000   Number         0  _get_argv_nomalloc.o ABSOLUTE
    ../clib/armsys.c                         0x00000000   Number         0  argv_veneer.o ABSOLUTE
    ../clib/armsys.c                         0x00000000   Number         0  no_argv.o ABSOLUTE
    ../clib/bigflt.c                         0x00000000   Number         0  bigflt0.o ABSOLUTE
    ../clib/btod.s                           0x00000000   Number         0  btod.o ABSOLUTE
    ../clib/heapalloc.c                      0x00000000   Number         0  hrguard.o ABSOLUTE
    ../clib/heapaux.c                        0x00000000   Number         0  heapauxi.o ABSOLUTE
    ../clib/libinit.s                        0x00000000   Number         0  libshutdown2.o ABSOLUTE
    ../clib/libinit.s                        0x00000000   Number         0  libshutdown.o ABSOLUTE
    ../clib/libinit.s                        0x00000000   Number         0  libinit2.o ABSOLUTE
    ../clib/libinit.s                        0x00000000   Number         0  libinit.o ABSOLUTE
    ../clib/locale.c                         0x00000000   Number         0  _wcrtomb.o ABSOLUTE
    ../clib/locale.s                         0x00000000   Number         0  lc_numeric_c.o ABSOLUTE
    ../clib/locale.s                         0x00000000   Number         0  lc_ctype_c.o ABSOLUTE
    ../clib/longlong.s                       0x00000000   Number         0  lludiv10.o ABSOLUTE
    ../clib/memcpset.s                       0x00000000   Number         0  strcmpv7m.o ABSOLUTE
    ../clib/misc.s                           0x00000000   Number         0  printf_stubs.o ABSOLUTE
    ../clib/printf.c                         0x00000000   Number         0  _printf_char_common.o ABSOLUTE
    ../clib/printf.c                         0x00000000   Number         0  _sputc.o ABSOLUTE
    ../clib/printf.c                         0x00000000   Number         0  _printf_intcommon.o ABSOLUTE
    ../clib/printf.c                         0x00000000   Number         0  _printf_truncate.o ABSOLUTE
    ../clib/printf.c                         0x00000000   Number         0  _printf_pad.o ABSOLUTE
    ../clib/printf.c                         0x00000000   Number         0  __printf_flags_ss_wp.o ABSOLUTE
    ../clib/printf.c                         0x00000000   Number         0  __printf_ss_wp.o ABSOLUTE
    ../clib/printf.c                         0x00000000   Number         0  __printf_flags_wp.o ABSOLUTE
    ../clib/printf.c                         0x00000000   Number         0  __printf_wp.o ABSOLUTE
    ../clib/printf.c                         0x00000000   Number         0  __printf_ss.o ABSOLUTE
    ../clib/printf.c                         0x00000000   Number         0  __printf_flags.o ABSOLUTE
    ../clib/printf.c                         0x00000000   Number         0  _printf_dec.o ABSOLUTE
    ../clib/printf.c                         0x00000000   Number         0  _printf_charcount.o ABSOLUTE
    ../clib/printf.c                         0x00000000   Number         0  _printf_fp_dec.o ABSOLUTE
    ../clib/printf.c                         0x00000000   Number         0  _printf_wchar.o ABSOLUTE
    ../clib/printf.c                         0x00000000   Number         0  _printf_str.o ABSOLUTE
    ../clib/printf.c                         0x00000000   Number         0  __printf.o ABSOLUTE
    ../clib/printf.c                         0x00000000   Number         0  noretval__2printf.o ABSOLUTE
    ../clib/printf.c                         0x00000000   Number         0  __2printf.o ABSOLUTE
    ../clib/printf.c                         0x00000000   Number         0  c89vsprintf.o ABSOLUTE
    ../clib/printf.c                         0x00000000   Number         0  _printf_fp_infnan.o ABSOLUTE
    ../clib/printf.c                         0x00000000   Number         0  __printf_flags_ss.o ABSOLUTE
    ../clib/printf.c                         0x00000000   Number         0  __printf_nopercent.o ABSOLUTE
    ../clib/printf.c                         0x00000000   Number         0  _printf_oct_int_ll.o ABSOLUTE
    ../clib/printf.c                         0x00000000   Number         0  _printf_hex_int_ll_ptr.o ABSOLUTE
    ../clib/printf.c                         0x00000000   Number         0  _printf_hex_ll_ptr.o ABSOLUTE
    ../clib/printf.c                         0x00000000   Number         0  _printf_hex_int_ptr.o ABSOLUTE
    ../clib/printf.c                         0x00000000   Number         0  _printf_hex_ptr.o ABSOLUTE
    ../clib/printf.c                         0x00000000   Number         0  _printf_hex_int_ll.o ABSOLUTE
    ../clib/printf.c                         0x00000000   Number         0  _printf_hex_int.o ABSOLUTE
    ../clib/printf.c                         0x00000000   Number         0  _printf_hex_ll.o ABSOLUTE
    ../clib/printf.c                         0x00000000   Number         0  _printf_oct_int.o ABSOLUTE
    ../clib/printf.c                         0x00000000   Number         0  _printf_oct_ll.o ABSOLUTE
    ../clib/printf.c                         0x00000000   Number         0  _printf_longlong_dec.o ABSOLUTE
    ../clib/printf.c                         0x00000000   Number         0  _printf_wctomb.o ABSOLUTE
    ../clib/printf.c                         0x00000000   Number         0  _printf_char_file.o ABSOLUTE
    ../clib/printf.c                         0x00000000   Number         0  _printf_char.o ABSOLUTE
    ../clib/printf_percent.s                 0x00000000   Number         0  _printf_lld.o ABSOLUTE
    ../clib/printf_percent.s                 0x00000000   Number         0  _printf_percent.o ABSOLUTE
    ../clib/printf_percent.s                 0x00000000   Number         0  _printf_lc.o ABSOLUTE
    ../clib/printf_percent.s                 0x00000000   Number         0  _printf_d.o ABSOLUTE
    ../clib/printf_percent.s                 0x00000000   Number         0  _printf_s.o ABSOLUTE
    ../clib/printf_percent.s                 0x00000000   Number         0  _printf_i.o ABSOLUTE
    ../clib/printf_percent.s                 0x00000000   Number         0  _printf_llx.o ABSOLUTE
    ../clib/printf_percent.s                 0x00000000   Number         0  _printf_l.o ABSOLUTE
    ../clib/printf_percent.s                 0x00000000   Number         0  _printf_ll.o ABSOLUTE
    ../clib/printf_percent.s                 0x00000000   Number         0  _printf_llu.o ABSOLUTE
    ../clib/printf_percent.s                 0x00000000   Number         0  _printf_llo.o ABSOLUTE
    ../clib/printf_percent.s                 0x00000000   Number         0  _printf_lli.o ABSOLUTE
    ../clib/printf_percent.s                 0x00000000   Number         0  _printf_percent_end.o ABSOLUTE
    ../clib/printf_percent.s                 0x00000000   Number         0  _printf_a.o ABSOLUTE
    ../clib/printf_percent.s                 0x00000000   Number         0  _printf_g.o ABSOLUTE
    ../clib/printf_percent.s                 0x00000000   Number         0  _printf_e.o ABSOLUTE
    ../clib/printf_percent.s                 0x00000000   Number         0  _printf_ls.o ABSOLUTE
    ../clib/printf_percent.s                 0x00000000   Number         0  _printf_u.o ABSOLUTE
    ../clib/printf_percent.s                 0x00000000   Number         0  _printf_c.o ABSOLUTE
    ../clib/printf_percent.s                 0x00000000   Number         0  _printf_o.o ABSOLUTE
    ../clib/printf_percent.s                 0x00000000   Number         0  _printf_p.o ABSOLUTE
    ../clib/printf_percent.s                 0x00000000   Number         0  _printf_x.o ABSOLUTE
    ../clib/printf_percent.s                 0x00000000   Number         0  _printf_n.o ABSOLUTE
    ../clib/printf_percent.s                 0x00000000   Number         0  _printf_f.o ABSOLUTE
    ../clib/signal.c                         0x00000000   Number         0  defsig_stak_inner.o ABSOLUTE
    ../clib/signal.c                         0x00000000   Number         0  defsig_rtmem_formal.o ABSOLUTE
    ../clib/signal.c                         0x00000000   Number         0  defsig_rtmem_inner.o ABSOLUTE
    ../clib/signal.c                         0x00000000   Number         0  defsig_exit.o ABSOLUTE
    ../clib/signal.c                         0x00000000   Number         0  defsig_abrt_inner.o ABSOLUTE
    ../clib/signal.c                         0x00000000   Number         0  defsig_fpe_inner.o ABSOLUTE
    ../clib/signal.c                         0x00000000   Number         0  defsig_rtred_inner.o ABSOLUTE
    ../clib/signal.c                         0x00000000   Number         0  __raise.o ABSOLUTE
    ../clib/signal.c                         0x00000000   Number         0  defsig_cppl_inner.o ABSOLUTE
    ../clib/signal.c                         0x00000000   Number         0  defsig_pvfn_inner.o ABSOLUTE
    ../clib/signal.c                         0x00000000   Number         0  defsig_segv_inner.o ABSOLUTE
    ../clib/signal.c                         0x00000000   Number         0  defsig_other.o ABSOLUTE
    ../clib/signal.c                         0x00000000   Number         0  defsig_general.o ABSOLUTE
    ../clib/signal.c                         0x00000000   Number         0  defsig_rtmem_outer.o ABSOLUTE
    ../clib/signal.s                         0x00000000   Number         0  defsig.o ABSOLUTE
    ../clib/stdio.c                          0x00000000   Number         0  ferror_locked.o ABSOLUTE
    ../clib/stdio.c                          0x00000000   Number         0  ferror.o ABSOLUTE
    ../clib/stdlib.c                         0x00000000   Number         0  exit.o ABSOLUTE
    ../clib/string.c                         0x00000000   Number         0  strlen.o ABSOLUTE
    ../fplib/fpinit.s                        0x00000000   Number         0  fpinit.o ABSOLUTE
    ../fplib/istatus.s                       0x00000000   Number         0  istatus.o ABSOLUTE
    ../fplib/printf1.s                       0x00000000   Number         0  printf1.o ABSOLUTE
    ../fplib/usenofp.s                       0x00000000   Number         0  usenofp.o ABSOLUTE
    ../mathlib/fpclassify.c                  0x00000000   Number         0  fpclassify.o ABSOLUTE
    ..\CORE\core_cm3.c                       0x00000000   Number         0  core_cm3.o ABSOLUTE
    ..\CORE\startup_stm32f10x_md_vl.s        0x00000000   Number         0  startup_stm32f10x_md_vl.o ABSOLUTE
    ..\FWLIB\src\misc.c                      0x00000000   Number         0  misc.o ABSOLUTE
    ..\FWLIB\src\stm32f10x_adc.c             0x00000000   Number         0  stm32f10x_adc.o ABSOLUTE
    ..\FWLIB\src\stm32f10x_bkp.c             0x00000000   Number         0  stm32f10x_bkp.o ABSOLUTE
    ..\FWLIB\src\stm32f10x_can.c             0x00000000   Number         0  stm32f10x_can.o ABSOLUTE
    ..\FWLIB\src\stm32f10x_cec.c             0x00000000   Number         0  stm32f10x_cec.o ABSOLUTE
    ..\FWLIB\src\stm32f10x_crc.c             0x00000000   Number         0  stm32f10x_crc.o ABSOLUTE
    ..\FWLIB\src\stm32f10x_dac.c             0x00000000   Number         0  stm32f10x_dac.o ABSOLUTE
    ..\FWLIB\src\stm32f10x_dbgmcu.c          0x00000000   Number         0  stm32f10x_dbgmcu.o ABSOLUTE
    ..\FWLIB\src\stm32f10x_dma.c             0x00000000   Number         0  stm32f10x_dma.o ABSOLUTE
    ..\FWLIB\src\stm32f10x_exti.c            0x00000000   Number         0  stm32f10x_exti.o ABSOLUTE
    ..\FWLIB\src\stm32f10x_flash.c           0x00000000   Number         0  stm32f10x_flash.o ABSOLUTE
    ..\FWLIB\src\stm32f10x_fsmc.c            0x00000000   Number         0  stm32f10x_fsmc.o ABSOLUTE
    ..\FWLIB\src\stm32f10x_gpio.c            0x00000000   Number         0  stm32f10x_gpio.o ABSOLUTE
    ..\FWLIB\src\stm32f10x_i2c.c             0x00000000   Number         0  stm32f10x_i2c.o ABSOLUTE
    ..\FWLIB\src\stm32f10x_iwdg.c            0x00000000   Number         0  stm32f10x_iwdg.o ABSOLUTE
    ..\FWLIB\src\stm32f10x_pwr.c             0x00000000   Number         0  stm32f10x_pwr.o ABSOLUTE
    ..\FWLIB\src\stm32f10x_rcc.c             0x00000000   Number         0  stm32f10x_rcc.o ABSOLUTE
    ..\FWLIB\src\stm32f10x_rtc.c             0x00000000   Number         0  stm32f10x_rtc.o ABSOLUTE
    ..\FWLIB\src\stm32f10x_sdio.c            0x00000000   Number         0  stm32f10x_sdio.o ABSOLUTE
    ..\FWLIB\src\stm32f10x_spi.c             0x00000000   Number         0  stm32f10x_spi.o ABSOLUTE
    ..\FWLIB\src\stm32f10x_tim.c             0x00000000   Number         0  stm32f10x_tim.o ABSOLUTE
    ..\FWLIB\src\stm32f10x_usart.c           0x00000000   Number         0  stm32f10x_usart.o ABSOLUTE
    ..\FWLIB\src\stm32f10x_wwdg.c            0x00000000   Number         0  stm32f10x_wwdg.o ABSOLUTE
    ..\FatFs\diskio.c                        0x00000000   Number         0  diskio.o ABSOLUTE
    ..\FatFs\ff.c                            0x00000000   Number         0  ff.o ABSOLUTE
    ..\LIB\scr\exti.c                        0x00000000   Number         0  exti.o ABSOLUTE
    ..\LIB\scr\key.c                         0x00000000   Number         0  key.o ABSOLUTE
    ..\LIB\scr\led.c                         0x00000000   Number         0  led.o ABSOLUTE
    ..\LIB\scr\spi.c                         0x00000000   Number         0  spi.o ABSOLUTE
    ..\SYSTEM\delay.c                        0x00000000   Number         0  delay.o ABSOLUTE
    ..\SYSTEM\sys.c                          0x00000000   Number         0  sys.o ABSOLUTE
    ..\SYSTEM\usart.c                        0x00000000   Number         0  usart.o ABSOLUTE
    ..\USER\main.c                           0x00000000   Number         0  main.o ABSOLUTE
    ..\USER\stm32f10x_it.c                   0x00000000   Number         0  stm32f10x_it.o ABSOLUTE
    ..\USER\system_stm32f10x.c               0x00000000   Number         0  system_stm32f10x.o ABSOLUTE
    ..\\CORE\\core_cm3.c                     0x00000000   Number         0  core_cm3.o ABSOLUTE
    ..\\SYSTEM\\sys.c                        0x00000000   Number         0  sys.o ABSOLUTE
    ..\sd\sd.c                               0x00000000   Number         0  sd.o ABSOLUTE
    dc.s                                     0x00000000   Number         0  dc.o ABSOLUTE
    RESET                                    0x08000000   Section      288  startup_stm32f10x_md_vl.o(RESET)
    !!!main                                  0x08000120   Section        8  __main.o(!!!main)
    !!!scatter                               0x08000128   Section       52  __scatter.o(!!!scatter)
    !!handler_copy                           0x0800015c   Section       26  __scatter_copy.o(!!handler_copy)
    !!handler_zi                             0x08000178   Section       28  __scatter_zi.o(!!handler_zi)
    .ARM.Collect$$_printf_percent$$00000000  0x08000194   Section        0  _printf_percent.o(.ARM.Collect$$_printf_percent$$00000000)
    .ARM.Collect$$_printf_percent$$00000009  0x08000194   Section        6  _printf_d.o(.ARM.Collect$$_printf_percent$$00000009)
    .ARM.Collect$$_printf_percent$$00000014  0x0800019a   Section        6  _printf_s.o(.ARM.Collect$$_printf_percent$$00000014)
    .ARM.Collect$$_printf_percent$$00000017  0x080001a0   Section        4  _printf_percent_end.o(.ARM.Collect$$_printf_percent$$00000017)
    .ARM.Collect$$libinit$$00000000          0x080001a4   Section        2  libinit.o(.ARM.Collect$$libinit$$00000000)
    .ARM.Collect$$libinit$$00000002          0x080001a6   Section        0  libinit2.o(.ARM.Collect$$libinit$$00000002)
    .ARM.Collect$$libinit$$00000004          0x080001a6   Section        0  libinit2.o(.ARM.Collect$$libinit$$00000004)
    .ARM.Collect$$libinit$$0000000A          0x080001a6   Section        0  libinit2.o(.ARM.Collect$$libinit$$0000000A)
    .ARM.Collect$$libinit$$0000000C          0x080001a6   Section        0  libinit2.o(.ARM.Collect$$libinit$$0000000C)
    .ARM.Collect$$libinit$$0000000E          0x080001a6   Section        0  libinit2.o(.ARM.Collect$$libinit$$0000000E)
    .ARM.Collect$$libinit$$00000011          0x080001a6   Section        0  libinit2.o(.ARM.Collect$$libinit$$00000011)
    .ARM.Collect$$libinit$$00000013          0x080001a6   Section        0  libinit2.o(.ARM.Collect$$libinit$$00000013)
    .ARM.Collect$$libinit$$00000015          0x080001a6   Section        0  libinit2.o(.ARM.Collect$$libinit$$00000015)
    .ARM.Collect$$libinit$$00000017          0x080001a6   Section        0  libinit2.o(.ARM.Collect$$libinit$$00000017)
    .ARM.Collect$$libinit$$00000019          0x080001a6   Section        0  libinit2.o(.ARM.Collect$$libinit$$00000019)
    .ARM.Collect$$libinit$$0000001B          0x080001a6   Section        0  libinit2.o(.ARM.Collect$$libinit$$0000001B)
    .ARM.Collect$$libinit$$0000001D          0x080001a6   Section        0  libinit2.o(.ARM.Collect$$libinit$$0000001D)
    .ARM.Collect$$libinit$$0000001F          0x080001a6   Section        0  libinit2.o(.ARM.Collect$$libinit$$0000001F)
    .ARM.Collect$$libinit$$00000021          0x080001a6   Section        0  libinit2.o(.ARM.Collect$$libinit$$00000021)
    .ARM.Collect$$libinit$$00000023          0x080001a6   Section        0  libinit2.o(.ARM.Collect$$libinit$$00000023)
    .ARM.Collect$$libinit$$00000025          0x080001a6   Section        0  libinit2.o(.ARM.Collect$$libinit$$00000025)
    .ARM.Collect$$libinit$$0000002C          0x080001a6   Section        0  libinit2.o(.ARM.Collect$$libinit$$0000002C)
    .ARM.Collect$$libinit$$0000002E          0x080001a6   Section        0  libinit2.o(.ARM.Collect$$libinit$$0000002E)
    .ARM.Collect$$libinit$$00000030          0x080001a6   Section        0  libinit2.o(.ARM.Collect$$libinit$$00000030)
    .ARM.Collect$$libinit$$00000032          0x080001a6   Section        0  libinit2.o(.ARM.Collect$$libinit$$00000032)
    .ARM.Collect$$libinit$$00000033          0x080001a6   Section        2  libinit2.o(.ARM.Collect$$libinit$$00000033)
    .ARM.Collect$$libshutdown$$00000000      0x080001a8   Section        2  libshutdown.o(.ARM.Collect$$libshutdown$$00000000)
    .ARM.Collect$$libshutdown$$00000002      0x080001aa   Section        0  libshutdown2.o(.ARM.Collect$$libshutdown$$00000002)
    .ARM.Collect$$libshutdown$$00000004      0x080001aa   Section        0  libshutdown2.o(.ARM.Collect$$libshutdown$$00000004)
    .ARM.Collect$$libshutdown$$00000007      0x080001aa   Section        0  libshutdown2.o(.ARM.Collect$$libshutdown$$00000007)
    .ARM.Collect$$libshutdown$$0000000A      0x080001aa   Section        0  libshutdown2.o(.ARM.Collect$$libshutdown$$0000000A)
    .ARM.Collect$$libshutdown$$0000000C      0x080001aa   Section        0  libshutdown2.o(.ARM.Collect$$libshutdown$$0000000C)
    .ARM.Collect$$libshutdown$$0000000F      0x080001aa   Section        0  libshutdown2.o(.ARM.Collect$$libshutdown$$0000000F)
    .ARM.Collect$$libshutdown$$00000010      0x080001aa   Section        2  libshutdown2.o(.ARM.Collect$$libshutdown$$00000010)
    .ARM.Collect$$rtentry$$00000000          0x080001ac   Section        0  __rtentry.o(.ARM.Collect$$rtentry$$00000000)
    .ARM.Collect$$rtentry$$00000002          0x080001ac   Section        0  __rtentry2.o(.ARM.Collect$$rtentry$$00000002)
    .ARM.Collect$$rtentry$$00000004          0x080001ac   Section        6  __rtentry4.o(.ARM.Collect$$rtentry$$00000004)
    .ARM.Collect$$rtentry$$00000009          0x080001b2   Section        0  __rtentry2.o(.ARM.Collect$$rtentry$$00000009)
    .ARM.Collect$$rtentry$$0000000A          0x080001b2   Section        4  __rtentry2.o(.ARM.Collect$$rtentry$$0000000A)
    .ARM.Collect$$rtentry$$0000000C          0x080001b6   Section        0  __rtentry2.o(.ARM.Collect$$rtentry$$0000000C)
    .ARM.Collect$$rtentry$$0000000D          0x080001b6   Section        8  __rtentry2.o(.ARM.Collect$$rtentry$$0000000D)
    .ARM.Collect$$rtexit$$00000000           0x080001be   Section        2  rtexit.o(.ARM.Collect$$rtexit$$00000000)
    .ARM.Collect$$rtexit$$00000002           0x080001c0   Section        0  rtexit2.o(.ARM.Collect$$rtexit$$00000002)
    .ARM.Collect$$rtexit$$00000003           0x080001c0   Section        4  rtexit2.o(.ARM.Collect$$rtexit$$00000003)
    .ARM.Collect$$rtexit$$00000004           0x080001c4   Section        6  rtexit2.o(.ARM.Collect$$rtexit$$00000004)
    .text                                    0x080001cc   Section       64  startup_stm32f10x_md_vl.o(.text)
    .text                                    0x0800020c   Section        2  use_no_semi_2.o(.text)
    .text                                    0x08000210   Section        0  __2printf.o(.text)
    .text                                    0x08000228   Section        0  _printf_str.o(.text)
    .text                                    0x0800027c   Section        0  _printf_dec.o(.text)
    .text                                    0x080002f4   Section        0  __printf_flags_ss_wp.o(.text)
    .text                                    0x0800047c   Section        0  heapauxi.o(.text)
    .text                                    0x08000482   Section        2  use_no_semi.o(.text)
    .text                                    0x08000484   Section        0  _printf_intcommon.o(.text)
    .text                                    0x08000538   Section        0  _printf_char_common.o(.text)
    _printf_input_char                       0x08000539   Thumb Code    10  _printf_char_common.o(.text)
    .text                                    0x08000568   Section        0  _printf_char.o(.text)
    .text                                    0x08000594   Section        0  _printf_char_file.o(.text)
    .text                                    0x080005b8   Section        0  ferror.o(.text)
    .text                                    0x080005c0   Section       74  sys_stackheap_outer.o(.text)
    .text                                    0x0800060a   Section        0  exit.o(.text)
    .text                                    0x0800061c   Section        8  libspace.o(.text)
    i.BusFault_Handler                       0x08000624   Section        0  stm32f10x_it.o(i.BusFault_Handler)
    i.DebugMon_Handler                       0x08000628   Section        0  stm32f10x_it.o(i.DebugMon_Handler)
    i.EXTI0_IRQHandler                       0x0800062a   Section        0  exti.o(i.EXTI0_IRQHandler)
    i.EXTI_ClearITPendingBit                 0x08000640   Section        0  stm32f10x_exti.o(i.EXTI_ClearITPendingBit)
    i.EXTI_GetITStatus                       0x0800064c   Section        0  stm32f10x_exti.o(i.EXTI_GetITStatus)
    i.EXTI_Init                              0x08000674   Section        0  stm32f10x_exti.o(i.EXTI_Init)
    i.GPIO_EXTILineConfig                    0x08000708   Section        0  stm32f10x_gpio.o(i.GPIO_EXTILineConfig)
    i.GPIO_Init                              0x08000748   Section        0  stm32f10x_gpio.o(i.GPIO_Init)
    i.GPIO_PinRemapConfig                    0x08000860   Section        0  stm32f10x_gpio.o(i.GPIO_PinRemapConfig)
    i.GPIO_ReadInputDataBit                  0x080008f0   Section        0  stm32f10x_gpio.o(i.GPIO_ReadInputDataBit)
    i.GPIO_ResetBits                         0x08000902   Section        0  stm32f10x_gpio.o(i.GPIO_ResetBits)
    i.GPIO_SetBits                           0x08000906   Section        0  stm32f10x_gpio.o(i.GPIO_SetBits)
    i.HardFault_Handler                      0x0800090a   Section        0  stm32f10x_it.o(i.HardFault_Handler)
    i.MemManage_Handler                      0x0800090e   Section        0  stm32f10x_it.o(i.MemManage_Handler)
    i.NMI_Handler                            0x08000912   Section        0  stm32f10x_it.o(i.NMI_Handler)
    i.NVIC_Init                              0x08000914   Section        0  misc.o(i.NVIC_Init)
    i.NVIC_PriorityGroupConfig               0x08000984   Section        0  misc.o(i.NVIC_PriorityGroupConfig)
    i.PendSV_Handler                         0x08000998   Section        0  stm32f10x_it.o(i.PendSV_Handler)
    i.RCC_APB1PeriphClockCmd                 0x0800099c   Section        0  stm32f10x_rcc.o(i.RCC_APB1PeriphClockCmd)
    i.RCC_APB1PeriphResetCmd                 0x080009bc   Section        0  stm32f10x_rcc.o(i.RCC_APB1PeriphResetCmd)
    i.RCC_APB2PeriphClockCmd                 0x080009dc   Section        0  stm32f10x_rcc.o(i.RCC_APB2PeriphClockCmd)
    i.RCC_APB2PeriphResetCmd                 0x080009fc   Section        0  stm32f10x_rcc.o(i.RCC_APB2PeriphResetCmd)
    i.RCC_GetClocksFreq                      0x08000a1c   Section        0  stm32f10x_rcc.o(i.RCC_GetClocksFreq)
    i.SPI_Cmd                                0x08000af4   Section        0  stm32f10x_spi.o(i.SPI_Cmd)
    i.SPI_I2S_GetFlagStatus                  0x08000b0c   Section        0  stm32f10x_spi.o(i.SPI_I2S_GetFlagStatus)
    i.SPI_I2S_ReceiveData                    0x08000b1e   Section        0  stm32f10x_spi.o(i.SPI_I2S_ReceiveData)
    i.SPI_I2S_SendData                       0x08000b24   Section        0  stm32f10x_spi.o(i.SPI_I2S_SendData)
    i.SPI_Init                               0x08000b28   Section        0  stm32f10x_spi.o(i.SPI_Init)
    i.SVC_Handler                            0x08000b64   Section        0  stm32f10x_it.o(i.SVC_Handler)
    i.SetSysClock                            0x08000b66   Section        0  system_stm32f10x.o(i.SetSysClock)
    SetSysClock                              0x08000b67   Thumb Code     8  system_stm32f10x.o(i.SetSysClock)
    i.SetSysClockTo24                        0x08000b70   Section        0  system_stm32f10x.o(i.SetSysClockTo24)
    SetSysClockTo24                          0x08000b71   Thumb Code   178  system_stm32f10x.o(i.SetSysClockTo24)
    i.SysTick_CLKSourceConfig                0x08000c28   Section        0  misc.o(i.SysTick_CLKSourceConfig)
    i.SysTick_Handler                        0x08000c50   Section        0  stm32f10x_it.o(i.SysTick_Handler)
    i.SystemInit                             0x08000c54   Section        0  system_stm32f10x.o(i.SystemInit)
    i.USART1_IRQHandler                      0x08000cb8   Section        0  usart.o(i.USART1_IRQHandler)
    i.USART2_IRQHandler                      0x08000cec   Section        0  usart.o(i.USART2_IRQHandler)
    i.USART3_IRQHandler                      0x08000d20   Section        0  usart.o(i.USART3_IRQHandler)
    i.USART_Cmd                              0x08000dac   Section        0  stm32f10x_usart.o(i.USART_Cmd)
    i.USART_DeInit                           0x08000dc4   Section        0  stm32f10x_usart.o(i.USART_DeInit)
    i.USART_GetITStatus                      0x08000e60   Section        0  stm32f10x_usart.o(i.USART_GetITStatus)
    i.USART_ITConfig                         0x08000eb4   Section        0  stm32f10x_usart.o(i.USART_ITConfig)
    i.USART_Init                             0x08000f00   Section        0  stm32f10x_usart.o(i.USART_Init)
    i.USART_ReceiveData                      0x08000fd8   Section        0  stm32f10x_usart.o(i.USART_ReceiveData)
    i.UsageFault_Handler                     0x08000fe2   Section        0  stm32f10x_it.o(i.UsageFault_Handler)
    i._is_digit                              0x08000fe6   Section        0  __printf_wp.o(i._is_digit)
    i._sys_exit                              0x08000ff4   Section        0  usart.o(i._sys_exit)
    i.check_fs                               0x08000ffc   Section        0  ff.o(i.check_fs)
    check_fs                                 0x08000ffd   Thumb Code   140  ff.o(i.check_fs)
    i.chk_chr                                0x0800108c   Section        0  ff.o(i.chk_chr)
    chk_chr                                  0x0800108d   Thumb Code    20  ff.o(i.chk_chr)
    i.clmt_clust                             0x080010a0   Section        0  ff.o(i.clmt_clust)
    clmt_clust                               0x080010a1   Thumb Code    50  ff.o(i.clmt_clust)
    i.clust2sect                             0x080010d2   Section        0  ff.o(i.clust2sect)
    i.create_chain                           0x080010ec   Section        0  ff.o(i.create_chain)
    create_chain                             0x080010ed   Thumb Code   214  ff.o(i.create_chain)
    i.create_name                            0x080011c4   Section        0  ff.o(i.create_name)
    create_name                              0x080011c5   Thumb Code   328  ff.o(i.create_name)
    i.delay_init                             0x0800131c   Section        0  delay.o(i.delay_init)
    i.dir_alloc                              0x08001360   Section        0  ff.o(i.dir_alloc)
    dir_alloc                                0x08001361   Thumb Code    92  ff.o(i.dir_alloc)
    i.dir_find                               0x080013bc   Section        0  ff.o(i.dir_find)
    dir_find                                 0x080013bd   Thumb Code    92  ff.o(i.dir_find)
    i.dir_next                               0x08001418   Section        0  ff.o(i.dir_next)
    dir_next                                 0x08001419   Thumb Code   272  ff.o(i.dir_next)
    i.dir_register                           0x08001528   Section        0  ff.o(i.dir_register)
    dir_register                             0x08001529   Thumb Code    58  ff.o(i.dir_register)
    i.dir_sdi                                0x08001562   Section        0  ff.o(i.dir_sdi)
    dir_sdi                                  0x08001563   Thumb Code   158  ff.o(i.dir_sdi)
    i.disk_initialize                        0x08001600   Section        0  diskio.o(i.disk_initialize)
    i.disk_ioctl                             0x0800162e   Section        0  diskio.o(i.disk_ioctl)
    i.disk_read                              0x0800167a   Section        0  diskio.o(i.disk_read)
    i.disk_status                            0x080016be   Section        0  diskio.o(i.disk_status)
    i.disk_write                             0x080016c4   Section        0  diskio.o(i.disk_write)
    i.exti0_init                             0x080016ec   Section        0  exti.o(i.exti0_init)
    i.f_close                                0x08001734   Section        0  ff.o(i.f_close)
    i.f_lseek                                0x08001754   Section        0  ff.o(i.f_lseek)
    i.f_mount                                0x080019e4   Section        0  ff.o(i.f_mount)
    i.f_open                                 0x08001a40   Section        0  ff.o(i.f_open)
    i.f_read                                 0x08001ba8   Section        0  ff.o(i.f_read)
    i.f_sync                                 0x08001d58   Section        0  ff.o(i.f_sync)
    i.f_write                                0x08001e08   Section        0  ff.o(i.f_write)
    i.find_volume                            0x08001ff4   Section        0  ff.o(i.find_volume)
    find_volume                              0x08001ff5   Thumb Code   886  ff.o(i.find_volume)
    i.follow_path                            0x0800237c   Section        0  ff.o(i.follow_path)
    follow_path                              0x0800237d   Thumb Code   144  ff.o(i.follow_path)
    i.fputc                                  0x0800240c   Section        0  usart.o(i.fputc)
    i.get_fat                                0x08002428   Section        0  ff.o(i.get_fat)
    i.get_ldnumber                           0x0800251a   Section        0  ff.o(i.get_ldnumber)
    get_ldnumber                             0x0800251b   Thumb Code    72  ff.o(i.get_ldnumber)
    i.key_init                               0x08002562   Section        0  key.o(i.key_init)
    i.key_off                                0x08002570   Section        0  key.o(i.key_off)
    i.key_on                                 0x08002580   Section        0  key.o(i.key_on)
    i.ld_clust                               0x080025a4   Section        0  ff.o(i.ld_clust)
    ld_clust                                 0x080025a5   Thumb Code    32  ff.o(i.ld_clust)
    i.led1_init                              0x080025c4   Section        0  led.o(i.led1_init)
    led1_init                                0x080025c5   Thumb Code    38  led.o(i.led1_init)
    i.led234_init                            0x080025f0   Section        0  led.o(i.led234_init)
    led234_init                              0x080025f1   Thumb Code    96  led.o(i.led234_init)
    i.led5_init                              0x08002654   Section        0  led.o(i.led5_init)
    led5_init                                0x08002655   Thumb Code    38  led.o(i.led5_init)
    i.led_init                               0x08002680   Section        0  led.o(i.led_init)
    i.main                                   0x08002690   Section        0  main.o(i.main)
    i.mem_cmp                                0x08002828   Section        0  ff.o(i.mem_cmp)
    mem_cmp                                  0x08002829   Thumb Code    38  ff.o(i.mem_cmp)
    i.mem_cpy                                0x0800284e   Section        0  ff.o(i.mem_cpy)
    mem_cpy                                  0x0800284f   Thumb Code    26  ff.o(i.mem_cpy)
    i.mem_set                                0x08002868   Section        0  ff.o(i.mem_set)
    mem_set                                  0x08002869   Thumb Code    20  ff.o(i.mem_set)
    i.move_window                            0x0800287c   Section        0  ff.o(i.move_window)
    move_window                              0x0800287d   Thumb Code    52  ff.o(i.move_window)
    i.pa0_init                               0x080028b0   Section        0  key.o(i.pa0_init)
    pa0_init                                 0x080028b1   Thumb Code    38  key.o(i.pa0_init)
    i.pb6_init                               0x080028dc   Section        0  key.o(i.pb6_init)
    pb6_init                                 0x080028dd   Thumb Code    38  key.o(i.pb6_init)
    i.put_fat                                0x08002908   Section        0  ff.o(i.put_fat)
    i.remove_chain                           0x08002a4a   Section        0  ff.o(i.remove_chain)
    remove_chain                             0x08002a4b   Thumb Code   108  ff.o(i.remove_chain)
    i.sd_getCSD                              0x08002ab6   Section        0  sd.o(i.sd_getCSD)
    i.sd_getResponse                         0x08002ade   Section        0  sd.o(i.sd_getResponse)
    i.sd_getSector                           0x08002b04   Section        0  sd.o(i.sd_getSector)
    i.sd_init                                0x08002b88   Section        0  sd.o(i.sd_init)
    i.sd_read                                0x08002d1c   Section        0  sd.o(i.sd_read)
    i.sd_readWrite                           0x08002d8c   Section        0  sd.o(i.sd_readWrite)
    i.sd_recvData                            0x08002d98   Section        0  sd.o(i.sd_recvData)
    i.sd_sendBlock                           0x08002dd0   Section        0  sd.o(i.sd_sendBlock)
    i.sd_sendCmd                             0x08002e26   Section        0  sd.o(i.sd_sendCmd)
    i.sd_speedHigh                           0x08002e9c   Section        0  sd.o(i.sd_speedHigh)
    i.sd_speedLow                            0x08002ea6   Section        0  sd.o(i.sd_speedLow)
    i.sd_waitReady                           0x08002eb0   Section        0  sd.o(i.sd_waitReady)
    i.sd_write                               0x08002ed0   Section        0  sd.o(i.sd_write)
    i.spi1_init                              0x08002f5c   Section        0  spi.o(i.spi1_init)
    i.spi1_readWriteByte                     0x08003050   Section        0  spi.o(i.spi1_readWriteByte)
    i.spi1_setSpeed                          0x080030a4   Section        0  spi.o(i.spi1_setSpeed)
    i.st_clust                               0x080030c8   Section        0  ff.o(i.st_clust)
    st_clust                                 0x080030c9   Thumb Code    16  ff.o(i.st_clust)
    i.sync_fs                                0x080030d8   Section        0  ff.o(i.sync_fs)
    sync_fs                                  0x080030d9   Thumb Code   200  ff.o(i.sync_fs)
    i.sync_window                            0x080031a0   Section        0  ff.o(i.sync_window)
    sync_window                              0x080031a1   Thumb Code    82  ff.o(i.sync_window)
    i.uart3_init                             0x080031f4   Section        0  usart.o(i.uart3_init)
    i.validate                               0x08003294   Section        0  ff.o(i.validate)
    validate                                 0x08003295   Thumb Code    54  ff.o(i.validate)
    .constdata                               0x080032cc   Section       16  main.o(.constdata)
    .constdata                               0x080032dc   Section       17  __printf_flags_ss_wp.o(.constdata)
    maptable                                 0x080032dc   Data          17  __printf_flags_ss_wp.o(.constdata)
    .data                                    0x20000000   Section       20  system_stm32f10x.o(.data)
    .data                                    0x20000014   Section        4  delay.o(.data)
    fac_us                                   0x20000014   Data           1  delay.o(.data)
    fac_ms                                   0x20000016   Data           2  delay.o(.data)
    .data                                    0x20000018   Section       36  usart.o(.data)
    .data                                    0x2000003c   Section        1  sd.o(.data)
    .data                                    0x20000040   Section        6  ff.o(.data)
    FatFs                                    0x20000040   Data           4  ff.o(.data)
    Fsid                                     0x20000044   Data           2  ff.o(.data)
    .data                                    0x20000046   Section       20  stm32f10x_rcc.o(.data)
    APBAHBPrescTable                         0x20000046   Data          16  stm32f10x_rcc.o(.data)
    ADCPrescTable                            0x20000056   Data           4  stm32f10x_rcc.o(.data)
    .bss                                     0x2000005c   Section     2307  usart.o(.bss)
    .bss                                     0x20000960   Section       18  spi.o(.bss)
    .bss                                     0x20000974   Section       96  libspace.o(.bss)
    HEAP                                     0x200009d8   Section      512  startup_stm32f10x_md_vl.o(HEAP)
    Heap_Mem                                 0x200009d8   Data         512  startup_stm32f10x_md_vl.o(HEAP)
    STACK                                    0x20000bd8   Section     1024  startup_stm32f10x_md_vl.o(STACK)
    Stack_Mem                                0x20000bd8   Data        1024  startup_stm32f10x_md_vl.o(STACK)
    __initial_sp                             0x20000fd8   Data           0  startup_stm32f10x_md_vl.o(STACK)

    Global Symbols

    Symbol Name                              Value     Ov Type        Size  Object(Section)

    BuildAttributes$$THM_ISAv4$P$D$K$B$S$PE$A:L22UL41UL21$X:L11$S22US41US21$IEEE1$IW$USESV6$~STKCKD$USESV7$~SHL$OTIME$ROPI$IEEEJ$EBA8$UX$STANDARDLIB$REQ8$PRES8$EABIv2 0x00000000   Number         0  anon$$obj.o ABSOLUTE
    __ARM_use_no_argv                        0x00000000   Number         0  main.o ABSOLUTE
    _printf_flags                            0x00000000   Number         0  printf_stubs.o ABSOLUTE
    _printf_return_value                     0x00000000   Number         0  printf_stubs.o ABSOLUTE
    _printf_sizespec                         0x00000000   Number         0  printf_stubs.o ABSOLUTE
    _printf_widthprec                        0x00000000   Number         0  printf_stubs.o ABSOLUTE
    __ARM_exceptions_init                     - Undefined Weak Reference
    __alloca_initialize                       - Undefined Weak Reference
    __arm_preinit_                            - Undefined Weak Reference
    __cpp_initialize__aeabi_                  - Undefined Weak Reference
    __cxa_finalize                            - Undefined Weak Reference
    __sigvec_lookup                           - Undefined Weak Reference
    _atexit_init                              - Undefined Weak Reference
    _call_atexit_fns                          - Undefined Weak Reference
    _clock_init                               - Undefined Weak Reference
    _fp_trap_init                             - Undefined Weak Reference
    _fp_trap_shutdown                         - Undefined Weak Reference
    _get_lc_collate                           - Undefined Weak Reference
    _get_lc_monetary                          - Undefined Weak Reference
    _get_lc_time                              - Undefined Weak Reference
    _getenv_init                              - Undefined Weak Reference
    _handle_redirection                       - Undefined Weak Reference
    _init_alloc                               - Undefined Weak Reference
    _init_user_alloc                          - Undefined Weak Reference
    _initio                                   - Undefined Weak Reference
    _mutex_acquire                            - Undefined Weak Reference
    _mutex_release                            - Undefined Weak Reference
    _printf_fp_hex                            - Undefined Weak Reference
    _printf_mbtowc                            - Undefined Weak Reference
    _printf_wc                                - Undefined Weak Reference
    _rand_init                                - Undefined Weak Reference
    _signal_finish                            - Undefined Weak Reference
    _signal_init                              - Undefined Weak Reference
    _terminate_alloc                          - Undefined Weak Reference
    _terminate_user_alloc                     - Undefined Weak Reference
    _terminateio                              - Undefined Weak Reference
    __Vectors_Size                           0x00000120   Number         0  startup_stm32f10x_md_vl.o ABSOLUTE
    __Vectors                                0x08000000   Data           4  startup_stm32f10x_md_vl.o(RESET)
    __Vectors_End                            0x08000120   Data           0  startup_stm32f10x_md_vl.o(RESET)
    __main                                   0x08000121   Thumb Code     8  __main.o(!!!main)
    __scatterload                            0x08000129   Thumb Code     0  __scatter.o(!!!scatter)
    __scatterload_rt2                        0x08000129   Thumb Code    44  __scatter.o(!!!scatter)
    __scatterload_rt2_thumb_only             0x08000129   Thumb Code     0  __scatter.o(!!!scatter)
    __scatterload_null                       0x08000137   Thumb Code     0  __scatter.o(!!!scatter)
    __scatterload_copy                       0x0800015d   Thumb Code    26  __scatter_copy.o(!!handler_copy)
    __scatterload_zeroinit                   0x08000179   Thumb Code    28  __scatter_zi.o(!!handler_zi)
    _printf_d                                0x08000195   Thumb Code     0  _printf_d.o(.ARM.Collect$$_printf_percent$$00000009)
    _printf_percent                          0x08000195   Thumb Code     0  _printf_percent.o(.ARM.Collect$$_printf_percent$$00000000)
    _printf_s                                0x0800019b   Thumb Code     0  _printf_s.o(.ARM.Collect$$_printf_percent$$00000014)
    _printf_percent_end                      0x080001a1   Thumb Code     0  _printf_percent_end.o(.ARM.Collect$$_printf_percent$$00000017)
    __rt_lib_init                            0x080001a5   Thumb Code     0  libinit.o(.ARM.Collect$$libinit$$00000000)
    __rt_lib_init_alloca_1                   0x080001a7   Thumb Code     0  libinit2.o(.ARM.Collect$$libinit$$0000002E)
    __rt_lib_init_argv_1                     0x080001a7   Thumb Code     0  libinit2.o(.ARM.Collect$$libinit$$0000002C)
    __rt_lib_init_atexit_1                   0x080001a7   Thumb Code     0  libinit2.o(.ARM.Collect$$libinit$$0000001B)
    __rt_lib_init_clock_1                    0x080001a7   Thumb Code     0  libinit2.o(.ARM.Collect$$libinit$$00000021)
    __rt_lib_init_cpp_1                      0x080001a7   Thumb Code     0  libinit2.o(.ARM.Collect$$libinit$$00000032)
    __rt_lib_init_exceptions_1               0x080001a7   Thumb Code     0  libinit2.o(.ARM.Collect$$libinit$$00000030)
    __rt_lib_init_fp_1                       0x080001a7   Thumb Code     0  libinit2.o(.ARM.Collect$$libinit$$00000002)
    __rt_lib_init_fp_trap_1                  0x080001a7   Thumb Code     0  libinit2.o(.ARM.Collect$$libinit$$0000001F)
    __rt_lib_init_getenv_1                   0x080001a7   Thumb Code     0  libinit2.o(.ARM.Collect$$libinit$$00000023)
    __rt_lib_init_heap_1                     0x080001a7   Thumb Code     0  libinit2.o(.ARM.Collect$$libinit$$0000000A)
    __rt_lib_init_lc_collate_1               0x080001a7   Thumb Code     0  libinit2.o(.ARM.Collect$$libinit$$00000011)
    __rt_lib_init_lc_ctype_1                 0x080001a7   Thumb Code     0  libinit2.o(.ARM.Collect$$libinit$$00000013)
    __rt_lib_init_lc_monetary_1              0x080001a7   Thumb Code     0  libinit2.o(.ARM.Collect$$libinit$$00000015)
    __rt_lib_init_lc_numeric_1               0x080001a7   Thumb Code     0  libinit2.o(.ARM.Collect$$libinit$$00000017)
    __rt_lib_init_lc_time_1                  0x080001a7   Thumb Code     0  libinit2.o(.ARM.Collect$$libinit$$00000019)
    __rt_lib_init_preinit_1                  0x080001a7   Thumb Code     0  libinit2.o(.ARM.Collect$$libinit$$00000004)
    __rt_lib_init_rand_1                     0x080001a7   Thumb Code     0  libinit2.o(.ARM.Collect$$libinit$$0000000E)
    __rt_lib_init_return                     0x080001a7   Thumb Code     0  libinit2.o(.ARM.Collect$$libinit$$00000033)
    __rt_lib_init_signal_1                   0x080001a7   Thumb Code     0  libinit2.o(.ARM.Collect$$libinit$$0000001D)
    __rt_lib_init_stdio_1                    0x080001a7   Thumb Code     0  libinit2.o(.ARM.Collect$$libinit$$00000025)
    __rt_lib_init_user_alloc_1               0x080001a7   Thumb Code     0  libinit2.o(.ARM.Collect$$libinit$$0000000C)
    __rt_lib_shutdown                        0x080001a9   Thumb Code     0  libshutdown.o(.ARM.Collect$$libshutdown$$00000000)
    __rt_lib_shutdown_cpp_1                  0x080001ab   Thumb Code     0  libshutdown2.o(.ARM.Collect$$libshutdown$$00000002)
    __rt_lib_shutdown_fp_trap_1              0x080001ab   Thumb Code     0  libshutdown2.o(.ARM.Collect$$libshutdown$$00000007)
    __rt_lib_shutdown_heap_1                 0x080001ab   Thumb Code     0  libshutdown2.o(.ARM.Collect$$libshutdown$$0000000F)
    __rt_lib_shutdown_return                 0x080001ab   Thumb Code     0  libshutdown2.o(.ARM.Collect$$libshutdown$$00000010)
    __rt_lib_shutdown_signal_1               0x080001ab   Thumb Code     0  libshutdown2.o(.ARM.Collect$$libshutdown$$0000000A)
    __rt_lib_shutdown_stdio_1                0x080001ab   Thumb Code     0  libshutdown2.o(.ARM.Collect$$libshutdown$$00000004)
    __rt_lib_shutdown_user_alloc_1           0x080001ab   Thumb Code     0  libshutdown2.o(.ARM.Collect$$libshutdown$$0000000C)
    __rt_entry                               0x080001ad   Thumb Code     0  __rtentry.o(.ARM.Collect$$rtentry$$00000000)
    __rt_entry_presh_1                       0x080001ad   Thumb Code     0  __rtentry2.o(.ARM.Collect$$rtentry$$00000002)
    __rt_entry_sh                            0x080001ad   Thumb Code     0  __rtentry4.o(.ARM.Collect$$rtentry$$00000004)
    __rt_entry_li                            0x080001b3   Thumb Code     0  __rtentry2.o(.ARM.Collect$$rtentry$$0000000A)
    __rt_entry_postsh_1                      0x080001b3   Thumb Code     0  __rtentry2.o(.ARM.Collect$$rtentry$$00000009)
    __rt_entry_main                          0x080001b7   Thumb Code     0  __rtentry2.o(.ARM.Collect$$rtentry$$0000000D)
    __rt_entry_postli_1                      0x080001b7   Thumb Code     0  __rtentry2.o(.ARM.Collect$$rtentry$$0000000C)
    __rt_exit                                0x080001bf   Thumb Code     0  rtexit.o(.ARM.Collect$$rtexit$$00000000)
    __rt_exit_ls                             0x080001c1   Thumb Code     0  rtexit2.o(.ARM.Collect$$rtexit$$00000003)
    __rt_exit_prels_1                        0x080001c1   Thumb Code     0  rtexit2.o(.ARM.Collect$$rtexit$$00000002)
    __rt_exit_exit                           0x080001c5   Thumb Code     0  rtexit2.o(.ARM.Collect$$rtexit$$00000004)
    Reset_Handler                            0x080001cd   Thumb Code     8  startup_stm32f10x_md_vl.o(.text)
    ADC1_IRQHandler                          0x080001e7   Thumb Code     0  startup_stm32f10x_md_vl.o(.text)
    CEC_IRQHandler                           0x080001e7   Thumb Code     0  startup_stm32f10x_md_vl.o(.text)
    DMA1_Channel1_IRQHandler                 0x080001e7   Thumb Code     0  startup_stm32f10x_md_vl.o(.text)
    DMA1_Channel2_IRQHandler                 0x080001e7   Thumb Code     0  startup_stm32f10x_md_vl.o(.text)
    DMA1_Channel3_IRQHandler                 0x080001e7   Thumb Code     0  startup_stm32f10x_md_vl.o(.text)
    DMA1_Channel4_IRQHandler                 0x080001e7   Thumb Code     0  startup_stm32f10x_md_vl.o(.text)
    DMA1_Channel5_IRQHandler                 0x080001e7   Thumb Code     0  startup_stm32f10x_md_vl.o(.text)
    DMA1_Channel6_IRQHandler                 0x080001e7   Thumb Code     0  startup_stm32f10x_md_vl.o(.text)
    DMA1_Channel7_IRQHandler                 0x080001e7   Thumb Code     0  startup_stm32f10x_md_vl.o(.text)
    EXTI15_10_IRQHandler                     0x080001e7   Thumb Code     0  startup_stm32f10x_md_vl.o(.text)
    EXTI1_IRQHandler                         0x080001e7   Thumb Code     0  startup_stm32f10x_md_vl.o(.text)
    EXTI2_IRQHandler                         0x080001e7   Thumb Code     0  startup_stm32f10x_md_vl.o(.text)
    EXTI3_IRQHandler                         0x080001e7   Thumb Code     0  startup_stm32f10x_md_vl.o(.text)
    EXTI4_IRQHandler                         0x080001e7   Thumb Code     0  startup_stm32f10x_md_vl.o(.text)
    EXTI9_5_IRQHandler                       0x080001e7   Thumb Code     0  startup_stm32f10x_md_vl.o(.text)
    FLASH_IRQHandler                         0x080001e7   Thumb Code     0  startup_stm32f10x_md_vl.o(.text)
    I2C1_ER_IRQHandler                       0x080001e7   Thumb Code     0  startup_stm32f10x_md_vl.o(.text)
    I2C1_EV_IRQHandler                       0x080001e7   Thumb Code     0  startup_stm32f10x_md_vl.o(.text)
    I2C2_ER_IRQHandler                       0x080001e7   Thumb Code     0  startup_stm32f10x_md_vl.o(.text)
    I2C2_EV_IRQHandler                       0x080001e7   Thumb Code     0  startup_stm32f10x_md_vl.o(.text)
    PVD_IRQHandler                           0x080001e7   Thumb Code     0  startup_stm32f10x_md_vl.o(.text)
    RCC_IRQHandler                           0x080001e7   Thumb Code     0  startup_stm32f10x_md_vl.o(.text)
    RTCAlarm_IRQHandler                      0x080001e7   Thumb Code     0  startup_stm32f10x_md_vl.o(.text)
    RTC_IRQHandler                           0x080001e7   Thumb Code     0  startup_stm32f10x_md_vl.o(.text)
    SPI1_IRQHandler                          0x080001e7   Thumb Code     0  startup_stm32f10x_md_vl.o(.text)
    SPI2_IRQHandler                          0x080001e7   Thumb Code     0  startup_stm32f10x_md_vl.o(.text)
    TAMPER_IRQHandler                        0x080001e7   Thumb Code     0  startup_stm32f10x_md_vl.o(.text)
    TIM1_BRK_TIM15_IRQHandler                0x080001e7   Thumb Code     0  startup_stm32f10x_md_vl.o(.text)
    TIM1_CC_IRQHandler                       0x080001e7   Thumb Code     0  startup_stm32f10x_md_vl.o(.text)
    TIM1_TRG_COM_TIM17_IRQHandler            0x080001e7   Thumb Code     0  startup_stm32f10x_md_vl.o(.text)
    TIM1_UP_TIM16_IRQHandler                 0x080001e7   Thumb Code     0  startup_stm32f10x_md_vl.o(.text)
    TIM2_IRQHandler                          0x080001e7   Thumb Code     0  startup_stm32f10x_md_vl.o(.text)
    TIM3_IRQHandler                          0x080001e7   Thumb Code     0  startup_stm32f10x_md_vl.o(.text)
    TIM4_IRQHandler                          0x080001e7   Thumb Code     0  startup_stm32f10x_md_vl.o(.text)
    TIM6_DAC_IRQHandler                      0x080001e7   Thumb Code     0  startup_stm32f10x_md_vl.o(.text)
    TIM7_IRQHandler                          0x080001e7   Thumb Code     0  startup_stm32f10x_md_vl.o(.text)
    WWDG_IRQHandler                          0x080001e7   Thumb Code     0  startup_stm32f10x_md_vl.o(.text)
    __user_initial_stackheap                 0x080001e9   Thumb Code     0  startup_stm32f10x_md_vl.o(.text)
    __use_no_semihosting                     0x0800020d   Thumb Code     2  use_no_semi_2.o(.text)
    __2printf                                0x08000211   Thumb Code    20  __2printf.o(.text)
    _printf_str                              0x08000229   Thumb Code    82  _printf_str.o(.text)
    _printf_int_dec                          0x0800027d   Thumb Code   104  _printf_dec.o(.text)
    __printf                                 0x080002f5   Thumb Code   388  __printf_flags_ss_wp.o(.text)
    __use_two_region_memory                  0x0800047d   Thumb Code     2  heapauxi.o(.text)
    __rt_heap_escrow$2region                 0x0800047f   Thumb Code     2  heapauxi.o(.text)
    __rt_heap_expand$2region                 0x08000481   Thumb Code     2  heapauxi.o(.text)
    __I$use$semihosting                      0x08000483   Thumb Code     0  use_no_semi.o(.text)
    __use_no_semihosting_swi                 0x08000483   Thumb Code     2  use_no_semi.o(.text)
    _printf_int_common                       0x08000485   Thumb Code   178  _printf_intcommon.o(.text)
    _printf_char_common                      0x08000543   Thumb Code    32  _printf_char_common.o(.text)
    _printf_cs_common                        0x08000569   Thumb Code    20  _printf_char.o(.text)
    _printf_char                             0x0800057d   Thumb Code    16  _printf_char.o(.text)
    _printf_string                           0x0800058d   Thumb Code     8  _printf_char.o(.text)
    _printf_char_file                        0x08000595   Thumb Code    32  _printf_char_file.o(.text)
    ferror                                   0x080005b9   Thumb Code     8  ferror.o(.text)
    __user_setup_stackheap                   0x080005c1   Thumb Code    74  sys_stackheap_outer.o(.text)
    exit                                     0x0800060b   Thumb Code    18  exit.o(.text)
    __user_libspace                          0x0800061d   Thumb Code     8  libspace.o(.text)
    __user_perproc_libspace                  0x0800061d   Thumb Code     0  libspace.o(.text)
    __user_perthread_libspace                0x0800061d   Thumb Code     0  libspace.o(.text)
    BusFault_Handler                         0x08000625   Thumb Code     4  stm32f10x_it.o(i.BusFault_Handler)
    DebugMon_Handler                         0x08000629   Thumb Code     2  stm32f10x_it.o(i.DebugMon_Handler)
    EXTI0_IRQHandler                         0x0800062b   Thumb Code    22  exti.o(i.EXTI0_IRQHandler)
    EXTI_ClearITPendingBit                   0x08000641   Thumb Code     6  stm32f10x_exti.o(i.EXTI_ClearITPendingBit)
    EXTI_GetITStatus                         0x0800064d   Thumb Code    34  stm32f10x_exti.o(i.EXTI_GetITStatus)
    EXTI_Init                                0x08000675   Thumb Code   142  stm32f10x_exti.o(i.EXTI_Init)
    GPIO_EXTILineConfig                      0x08000709   Thumb Code    60  stm32f10x_gpio.o(i.GPIO_EXTILineConfig)
    GPIO_Init                                0x08000749   Thumb Code   278  stm32f10x_gpio.o(i.GPIO_Init)
    GPIO_PinRemapConfig                      0x08000861   Thumb Code   138  stm32f10x_gpio.o(i.GPIO_PinRemapConfig)
    GPIO_ReadInputDataBit                    0x080008f1   Thumb Code    18  stm32f10x_gpio.o(i.GPIO_ReadInputDataBit)
    GPIO_ResetBits                           0x08000903   Thumb Code     4  stm32f10x_gpio.o(i.GPIO_ResetBits)
    GPIO_SetBits                             0x08000907   Thumb Code     4  stm32f10x_gpio.o(i.GPIO_SetBits)
    HardFault_Handler                        0x0800090b   Thumb Code     4  stm32f10x_it.o(i.HardFault_Handler)
    MemManage_Handler                        0x0800090f   Thumb Code     4  stm32f10x_it.o(i.MemManage_Handler)
    NMI_Handler                              0x08000913   Thumb Code     2  stm32f10x_it.o(i.NMI_Handler)
    NVIC_Init                                0x08000915   Thumb Code   100  misc.o(i.NVIC_Init)
    NVIC_PriorityGroupConfig                 0x08000985   Thumb Code    10  misc.o(i.NVIC_PriorityGroupConfig)
    PendSV_Handler                           0x08000999   Thumb Code     2  stm32f10x_it.o(i.PendSV_Handler)
    RCC_APB1PeriphClockCmd                   0x0800099d   Thumb Code    26  stm32f10x_rcc.o(i.RCC_APB1PeriphClockCmd)
    RCC_APB1PeriphResetCmd                   0x080009bd   Thumb Code    26  stm32f10x_rcc.o(i.RCC_APB1PeriphResetCmd)
    RCC_APB2PeriphClockCmd                   0x080009dd   Thumb Code    26  stm32f10x_rcc.o(i.RCC_APB2PeriphClockCmd)
    RCC_APB2PeriphResetCmd                   0x080009fd   Thumb Code    26  stm32f10x_rcc.o(i.RCC_APB2PeriphResetCmd)
    RCC_GetClocksFreq                        0x08000a1d   Thumb Code   190  stm32f10x_rcc.o(i.RCC_GetClocksFreq)
    SPI_Cmd                                  0x08000af5   Thumb Code    24  stm32f10x_spi.o(i.SPI_Cmd)
    SPI_I2S_GetFlagStatus                    0x08000b0d   Thumb Code    18  stm32f10x_spi.o(i.SPI_I2S_GetFlagStatus)
    SPI_I2S_ReceiveData                      0x08000b1f   Thumb Code     6  stm32f10x_spi.o(i.SPI_I2S_ReceiveData)
    SPI_I2S_SendData                         0x08000b25   Thumb Code     4  stm32f10x_spi.o(i.SPI_I2S_SendData)
    SPI_Init                                 0x08000b29   Thumb Code    60  stm32f10x_spi.o(i.SPI_Init)
    SVC_Handler                              0x08000b65   Thumb Code     2  stm32f10x_it.o(i.SVC_Handler)
    SysTick_CLKSourceConfig                  0x08000c29   Thumb Code    40  misc.o(i.SysTick_CLKSourceConfig)
    SysTick_Handler                          0x08000c51   Thumb Code     2  stm32f10x_it.o(i.SysTick_Handler)
    SystemInit                               0x08000c55   Thumb Code    82  system_stm32f10x.o(i.SystemInit)
    USART1_IRQHandler                        0x08000cb9   Thumb Code    40  usart.o(i.USART1_IRQHandler)
    USART2_IRQHandler                        0x08000ced   Thumb Code    40  usart.o(i.USART2_IRQHandler)
    USART3_IRQHandler                        0x08000d21   Thumb Code   122  usart.o(i.USART3_IRQHandler)
    USART_Cmd                                0x08000dad   Thumb Code    24  stm32f10x_usart.o(i.USART_Cmd)
    USART_DeInit                             0x08000dc5   Thumb Code   134  stm32f10x_usart.o(i.USART_DeInit)
    USART_GetITStatus                        0x08000e61   Thumb Code    84  stm32f10x_usart.o(i.USART_GetITStatus)
    USART_ITConfig                           0x08000eb5   Thumb Code    74  stm32f10x_usart.o(i.USART_ITConfig)
    USART_Init                               0x08000f01   Thumb Code   210  stm32f10x_usart.o(i.USART_Init)
    USART_ReceiveData                        0x08000fd9   Thumb Code    10  stm32f10x_usart.o(i.USART_ReceiveData)
    UsageFault_Handler                       0x08000fe3   Thumb Code     4  stm32f10x_it.o(i.UsageFault_Handler)
    _is_digit                                0x08000fe7   Thumb Code    14  __printf_wp.o(i._is_digit)
    _sys_exit                                0x08000ff5   Thumb Code     6  usart.o(i._sys_exit)
    clust2sect                               0x080010d3   Thumb Code    26  ff.o(i.clust2sect)
    delay_init                               0x0800131d   Thumb Code    50  delay.o(i.delay_init)
    disk_initialize                          0x08001601   Thumb Code    46  diskio.o(i.disk_initialize)
    disk_ioctl                               0x0800162f   Thumb Code    76  diskio.o(i.disk_ioctl)
    disk_read                                0x0800167b   Thumb Code    68  diskio.o(i.disk_read)
    disk_status                              0x080016bf   Thumb Code     6  diskio.o(i.disk_status)
    disk_write                               0x080016c5   Thumb Code    40  diskio.o(i.disk_write)
    exti0_init                               0x080016ed   Thumb Code    72  exti.o(i.exti0_init)
    f_close                                  0x08001735   Thumb Code    32  ff.o(i.f_close)
    f_lseek                                  0x08001755   Thumb Code   654  ff.o(i.f_lseek)
    f_mount                                  0x080019e5   Thumb Code    86  ff.o(i.f_mount)
    f_open                                   0x08001a41   Thumb Code   354  ff.o(i.f_open)
    f_read                                   0x08001ba9   Thumb Code   432  ff.o(i.f_read)
    f_sync                                   0x08001d59   Thumb Code   172  ff.o(i.f_sync)
    f_write                                  0x08001e09   Thumb Code   490  ff.o(i.f_write)
    fputc                                    0x0800240d   Thumb Code    24  usart.o(i.fputc)
    get_fat                                  0x08002429   Thumb Code   242  ff.o(i.get_fat)
    key_init                                 0x08002563   Thumb Code    12  key.o(i.key_init)
    key_off                                  0x08002571   Thumb Code    12  key.o(i.key_off)
    key_on                                   0x08002581   Thumb Code    26  key.o(i.key_on)
    led_init                                 0x08002681   Thumb Code    16  led.o(i.led_init)
    main                                     0x08002691   Thumb Code   240  main.o(i.main)
    put_fat                                  0x08002909   Thumb Code   322  ff.o(i.put_fat)
    sd_getCSD                                0x08002ab7   Thumb Code    40  sd.o(i.sd_getCSD)
    sd_getResponse                           0x08002adf   Thumb Code    38  sd.o(i.sd_getResponse)
    sd_getSector                             0x08002b05   Thumb Code   132  sd.o(i.sd_getSector)
    sd_init                                  0x08002b89   Thumb Code   394  sd.o(i.sd_init)
    sd_read                                  0x08002d1d   Thumb Code   108  sd.o(i.sd_read)
    sd_readWrite                             0x08002d8d   Thumb Code    12  sd.o(i.sd_readWrite)
    sd_recvData                              0x08002d99   Thumb Code    56  sd.o(i.sd_recvData)
    sd_sendBlock                             0x08002dd1   Thumb Code    86  sd.o(i.sd_sendBlock)
    sd_sendCmd                               0x08002e27   Thumb Code   118  sd.o(i.sd_sendCmd)
    sd_speedHigh                             0x08002e9d   Thumb Code    10  sd.o(i.sd_speedHigh)
    sd_speedLow                              0x08002ea7   Thumb Code    10  sd.o(i.sd_speedLow)
    sd_waitReady                             0x08002eb1   Thumb Code    32  sd.o(i.sd_waitReady)
    sd_write                                 0x08002ed1   Thumb Code   136  sd.o(i.sd_write)
    spi1_init                                0x08002f5d   Thumb Code   222  spi.o(i.spi1_init)
    spi1_readWriteByte                       0x08003051   Thumb Code    78  spi.o(i.spi1_readWriteByte)
    spi1_setSpeed                            0x080030a5   Thumb Code    26  spi.o(i.spi1_setSpeed)
    uart3_init                               0x080031f5   Thumb Code   152  usart.o(i.uart3_init)
    Region$$Table$$Base                      0x080032f0   Number         0  anon$$obj.o(Region$$Table)
    Region$$Table$$Limit                     0x08003310   Number         0  anon$$obj.o(Region$$Table)
    SystemCoreClock                          0x20000000   Data           4  system_stm32f10x.o(.data)
    AHBPrescTable                            0x20000004   Data          16  system_stm32f10x.o(.data)
    __stdout                                 0x20000018   Data           4  usart.o(.data)
    RxCounter1                               0x2000001c   Data           1  usart.o(.data)
    TxCounter1                               0x2000001d   Data           1  usart.o(.data)
    RxCounter2                               0x2000001e   Data           1  usart.o(.data)
    flagBuf                                  0x2000001f   Data           8  usart.o(.data)
    RxCounter3                               0x20000028   Data           4  usart.o(.data)
    begin                                    0x2000002c   Data           4  usart.o(.data)
    end                                      0x20000030   Data           4  usart.o(.data)
    gpsDataFlag                              0x20000034   Data           4  usart.o(.data)
    i                                        0x20000038   Data           4  usart.o(.data)
    sd_type                                  0x2000003c   Data           1  sd.o(.data)
    RxBuffer1                                0x2000005c   Data         256  usart.o(.bss)
    TxBuffer1                                0x2000015c   Data         256  usart.o(.bss)
    RxBuffer2                                0x2000025c   Data         256  usart.o(.bss)
    RxBuffer3                                0x2000035c   Data        1539  usart.o(.bss)
    SPI_InitStructure                        0x20000960   Data          18  spi.o(.bss)
    __libspace_start                         0x20000974   Data          96  libspace.o(.bss)
    __temporary_stack_top$libspace           0x200009d4   Data           0  libspace.o(.bss)



==============================================================================

Memory Map of the image

  Image Entry point : 0x08000121

  Load Region LR_IROM1 (Base: 0x08000000, Size: 0x0000336c, Max: 0x00010000, ABSOLUTE)

    Execution Region ER_IROM1 (Base: 0x08000000, Size: 0x00003310, Max: 0x00010000, ABSOLUTE)

    Base Addr    Size         Type   Attr      Idx    E Section Name        Object

    0x08000000   0x00000120   Data   RO          246    RESET               startup_stm32f10x_md_vl.o
    0x08000120   0x00000008   Code   RO         4022  * !!!main             c_w.l(__main.o)
    0x08000128   0x00000034   Code   RO         4309    !!!scatter          c_w.l(__scatter.o)
    0x0800015c   0x0000001a   Code   RO         4311    !!handler_copy      c_w.l(__scatter_copy.o)
    0x08000176   0x00000002   PAD
    0x08000178   0x0000001c   Code   RO         4313    !!handler_zi        c_w.l(__scatter_zi.o)
    0x08000194   0x00000000   Code   RO         4017    .ARM.Collect$$_printf_percent$$00000000  c_w.l(_printf_percent.o)
    0x08000194   0x00000006   Code   RO         4016    .ARM.Collect$$_printf_percent$$00000009  c_w.l(_printf_d.o)
    0x0800019a   0x00000006   Code   RO         4015    .ARM.Collect$$_printf_percent$$00000014  c_w.l(_printf_s.o)
    0x080001a0   0x00000004   Code   RO         4086    .ARM.Collect$$_printf_percent$$00000017  c_w.l(_printf_percent_end.o)
    0x080001a4   0x00000002   Code   RO         4173    .ARM.Collect$$libinit$$00000000  c_w.l(libinit.o)
    0x080001a6   0x00000000   Code   RO         4190    .ARM.Collect$$libinit$$00000002  c_w.l(libinit2.o)
    0x080001a6   0x00000000   Code   RO         4192    .ARM.Collect$$libinit$$00000004  c_w.l(libinit2.o)
    0x080001a6   0x00000000   Code   RO         4195    .ARM.Collect$$libinit$$0000000A  c_w.l(libinit2.o)
    0x080001a6   0x00000000   Code   RO         4197    .ARM.Collect$$libinit$$0000000C  c_w.l(libinit2.o)
    0x080001a6   0x00000000   Code   RO         4199    .ARM.Collect$$libinit$$0000000E  c_w.l(libinit2.o)
    0x080001a6   0x00000000   Code   RO         4202    .ARM.Collect$$libinit$$00000011  c_w.l(libinit2.o)
    0x080001a6   0x00000000   Code   RO         4204    .ARM.Collect$$libinit$$00000013  c_w.l(libinit2.o)
    0x080001a6   0x00000000   Code   RO         4206    .ARM.Collect$$libinit$$00000015  c_w.l(libinit2.o)
    0x080001a6   0x00000000   Code   RO         4208    .ARM.Collect$$libinit$$00000017  c_w.l(libinit2.o)
    0x080001a6   0x00000000   Code   RO         4210    .ARM.Collect$$libinit$$00000019  c_w.l(libinit2.o)
    0x080001a6   0x00000000   Code   RO         4212    .ARM.Collect$$libinit$$0000001B  c_w.l(libinit2.o)
    0x080001a6   0x00000000   Code   RO         4214    .ARM.Collect$$libinit$$0000001D  c_w.l(libinit2.o)
    0x080001a6   0x00000000   Code   RO         4216    .ARM.Collect$$libinit$$0000001F  c_w.l(libinit2.o)
    0x080001a6   0x00000000   Code   RO         4218    .ARM.Collect$$libinit$$00000021  c_w.l(libinit2.o)
    0x080001a6   0x00000000   Code   RO         4220    .ARM.Collect$$libinit$$00000023  c_w.l(libinit2.o)
    0x080001a6   0x00000000   Code   RO         4222    .ARM.Collect$$libinit$$00000025  c_w.l(libinit2.o)
    0x080001a6   0x00000000   Code   RO         4226    .ARM.Collect$$libinit$$0000002C  c_w.l(libinit2.o)
    0x080001a6   0x00000000   Code   RO         4228    .ARM.Collect$$libinit$$0000002E  c_w.l(libinit2.o)
    0x080001a6   0x00000000   Code   RO         4230    .ARM.Collect$$libinit$$00000030  c_w.l(libinit2.o)
    0x080001a6   0x00000000   Code   RO         4232    .ARM.Collect$$libinit$$00000032  c_w.l(libinit2.o)
    0x080001a6   0x00000002   Code   RO         4233    .ARM.Collect$$libinit$$00000033  c_w.l(libinit2.o)
    0x080001a8   0x00000002   Code   RO         4251    .ARM.Collect$$libshutdown$$00000000  c_w.l(libshutdown.o)
    0x080001aa   0x00000000   Code   RO         4261    .ARM.Collect$$libshutdown$$00000002  c_w.l(libshutdown2.o)
    0x080001aa   0x00000000   Code   RO         4263    .ARM.Collect$$libshutdown$$00000004  c_w.l(libshutdown2.o)
    0x080001aa   0x00000000   Code   RO         4266    .ARM.Collect$$libshutdown$$00000007  c_w.l(libshutdown2.o)
    0x080001aa   0x00000000   Code   RO         4269    .ARM.Collect$$libshutdown$$0000000A  c_w.l(libshutdown2.o)
    0x080001aa   0x00000000   Code   RO         4271    .ARM.Collect$$libshutdown$$0000000C  c_w.l(libshutdown2.o)
    0x080001aa   0x00000000   Code   RO         4274    .ARM.Collect$$libshutdown$$0000000F  c_w.l(libshutdown2.o)
    0x080001aa   0x00000002   Code   RO         4275    .ARM.Collect$$libshutdown$$00000010  c_w.l(libshutdown2.o)
    0x080001ac   0x00000000   Code   RO         4026    .ARM.Collect$$rtentry$$00000000  c_w.l(__rtentry.o)
    0x080001ac   0x00000000   Code   RO         4099    .ARM.Collect$$rtentry$$00000002  c_w.l(__rtentry2.o)
    0x080001ac   0x00000006   Code   RO         4111    .ARM.Collect$$rtentry$$00000004  c_w.l(__rtentry4.o)
    0x080001b2   0x00000000   Code   RO         4101    .ARM.Collect$$rtentry$$00000009  c_w.l(__rtentry2.o)
    0x080001b2   0x00000004   Code   RO         4102    .ARM.Collect$$rtentry$$0000000A  c_w.l(__rtentry2.o)
    0x080001b6   0x00000000   Code   RO         4104    .ARM.Collect$$rtentry$$0000000C  c_w.l(__rtentry2.o)
    0x080001b6   0x00000008   Code   RO         4105    .ARM.Collect$$rtentry$$0000000D  c_w.l(__rtentry2.o)
    0x080001be   0x00000002   Code   RO         4182    .ARM.Collect$$rtexit$$00000000  c_w.l(rtexit.o)
    0x080001c0   0x00000000   Code   RO         4235    .ARM.Collect$$rtexit$$00000002  c_w.l(rtexit2.o)
    0x080001c0   0x00000004   Code   RO         4236    .ARM.Collect$$rtexit$$00000003  c_w.l(rtexit2.o)
    0x080001c4   0x00000006   Code   RO         4237    .ARM.Collect$$rtexit$$00000004  c_w.l(rtexit2.o)
    0x080001ca   0x00000002   PAD
    0x080001cc   0x00000040   Code   RO          247    .text               startup_stm32f10x_md_vl.o
    0x0800020c   0x00000002   Code   RO         3981    .text               c_w.l(use_no_semi_2.o)
    0x0800020e   0x00000002   PAD
    0x08000210   0x00000018   Code   RO         3985    .text               c_w.l(__2printf.o)
    0x08000228   0x00000052   Code   RO         3991    .text               c_w.l(_printf_str.o)
    0x0800027a   0x00000002   PAD
    0x0800027c   0x00000078   Code   RO         3993    .text               c_w.l(_printf_dec.o)
    0x080002f4   0x00000188   Code   RO         4012    .text               c_w.l(__printf_flags_ss_wp.o)
    0x0800047c   0x00000006   Code   RO         4020    .text               c_w.l(heapauxi.o)
    0x08000482   0x00000002   Code   RO         4024    .text               c_w.l(use_no_semi.o)
    0x08000484   0x000000b2   Code   RO         4031    .text               c_w.l(_printf_intcommon.o)
    0x08000536   0x00000002   PAD
    0x08000538   0x00000030   Code   RO         4035    .text               c_w.l(_printf_char_common.o)
    0x08000568   0x0000002c   Code   RO         4039    .text               c_w.l(_printf_char.o)
    0x08000594   0x00000024   Code   RO         4041    .text               c_w.l(_printf_char_file.o)
    0x080005b8   0x00000008   Code   RO         4121    .text               c_w.l(ferror.o)
    0x080005c0   0x0000004a   Code   RO         4127    .text               c_w.l(sys_stackheap_outer.o)
    0x0800060a   0x00000012   Code   RO         4166    .text               c_w.l(exit.o)
    0x0800061c   0x00000008   Code   RO         4179    .text               c_w.l(libspace.o)
    0x08000624   0x00000004   Code   RO          136    i.BusFault_Handler  stm32f10x_it.o
    0x08000628   0x00000002   Code   RO          137    i.DebugMon_Handler  stm32f10x_it.o
    0x0800062a   0x00000016   Code   RO          481    i.EXTI0_IRQHandler  exti.o
    0x08000640   0x0000000c   Code   RO         1804    i.EXTI_ClearITPendingBit  stm32f10x_exti.o
    0x0800064c   0x00000028   Code   RO         1808    i.EXTI_GetITStatus  stm32f10x_exti.o
    0x08000674   0x00000094   Code   RO         1809    i.EXTI_Init         stm32f10x_exti.o
    0x08000708   0x00000040   Code   RO         2154    i.GPIO_EXTILineConfig  stm32f10x_gpio.o
    0x08000748   0x00000116   Code   RO         2157    i.GPIO_Init         stm32f10x_gpio.o
    0x0800085e   0x00000002   PAD
    0x08000860   0x00000090   Code   RO         2159    i.GPIO_PinRemapConfig  stm32f10x_gpio.o
    0x080008f0   0x00000012   Code   RO         2161    i.GPIO_ReadInputDataBit  stm32f10x_gpio.o
    0x08000902   0x00000004   Code   RO         2164    i.GPIO_ResetBits    stm32f10x_gpio.o
    0x08000906   0x00000004   Code   RO         2165    i.GPIO_SetBits      stm32f10x_gpio.o
    0x0800090a   0x00000004   Code   RO          138    i.HardFault_Handler  stm32f10x_it.o
    0x0800090e   0x00000004   Code   RO          139    i.MemManage_Handler  stm32f10x_it.o
    0x08000912   0x00000002   Code   RO          140    i.NMI_Handler       stm32f10x_it.o
    0x08000914   0x00000070   Code   RO          976    i.NVIC_Init         misc.o
    0x08000984   0x00000014   Code   RO          977    i.NVIC_PriorityGroupConfig  misc.o
    0x08000998   0x00000002   Code   RO          141    i.PendSV_Handler    stm32f10x_it.o
    0x0800099a   0x00000002   PAD
    0x0800099c   0x00000020   Code   RO         2573    i.RCC_APB1PeriphClockCmd  stm32f10x_rcc.o
    0x080009bc   0x00000020   Code   RO         2574    i.RCC_APB1PeriphResetCmd  stm32f10x_rcc.o
    0x080009dc   0x00000020   Code   RO         2575    i.RCC_APB2PeriphClockCmd  stm32f10x_rcc.o
    0x080009fc   0x00000020   Code   RO         2576    i.RCC_APB2PeriphResetCmd  stm32f10x_rcc.o
    0x08000a1c   0x000000d8   Code   RO         2583    i.RCC_GetClocksFreq  stm32f10x_rcc.o
    0x08000af4   0x00000018   Code   RO         3058    i.SPI_Cmd           stm32f10x_spi.o
    0x08000b0c   0x00000012   Code   RO         3066    i.SPI_I2S_GetFlagStatus  stm32f10x_spi.o
    0x08000b1e   0x00000006   Code   RO         3069    i.SPI_I2S_ReceiveData  stm32f10x_spi.o
    0x08000b24   0x00000004   Code   RO         3070    i.SPI_I2S_SendData  stm32f10x_spi.o
    0x08000b28   0x0000003c   Code   RO         3071    i.SPI_Init          stm32f10x_spi.o
    0x08000b64   0x00000002   Code   RO          142    i.SVC_Handler       stm32f10x_it.o
    0x08000b66   0x00000008   Code   RO          199    i.SetSysClock       system_stm32f10x.o
    0x08000b6e   0x00000002   PAD
    0x08000b70   0x000000b8   Code   RO          200    i.SetSysClockTo24   system_stm32f10x.o
    0x08000c28   0x00000028   Code   RO          980    i.SysTick_CLKSourceConfig  misc.o
    0x08000c50   0x00000002   Code   RO          143    i.SysTick_Handler   stm32f10x_it.o
    0x08000c52   0x00000002   PAD
    0x08000c54   0x00000064   Code   RO          202    i.SystemInit        system_stm32f10x.o
    0x08000cb8   0x00000034   Code   RO          307    i.USART1_IRQHandler  usart.o
    0x08000cec   0x00000034   Code   RO          308    i.USART2_IRQHandler  usart.o
    0x08000d20   0x0000008c   Code   RO          309    i.USART3_IRQHandler  usart.o
    0x08000dac   0x00000018   Code   RO         3749    i.USART_Cmd         stm32f10x_usart.o
    0x08000dc4   0x0000009c   Code   RO         3751    i.USART_DeInit      stm32f10x_usart.o
    0x08000e60   0x00000054   Code   RO         3753    i.USART_GetITStatus  stm32f10x_usart.o
    0x08000eb4   0x0000004a   Code   RO         3755    i.USART_ITConfig    stm32f10x_usart.o
    0x08000efe   0x00000002   PAD
    0x08000f00   0x000000d8   Code   RO         3756    i.USART_Init        stm32f10x_usart.o
    0x08000fd8   0x0000000a   Code   RO         3763    i.USART_ReceiveData  stm32f10x_usart.o
    0x08000fe2   0x00000004   Code   RO          144    i.UsageFault_Handler  stm32f10x_it.o
    0x08000fe6   0x0000000e   Code   RO         4005    i._is_digit         c_w.l(__printf_wp.o)
    0x08000ff4   0x00000006   Code   RO          313    i._sys_exit         usart.o
    0x08000ffa   0x00000002   PAD
    0x08000ffc   0x00000090   Code   RO          661    i.check_fs          ff.o
    0x0800108c   0x00000014   Code   RO          662    i.chk_chr           ff.o
    0x080010a0   0x00000032   Code   RO          663    i.clmt_clust        ff.o
    0x080010d2   0x0000001a   Code   RO          664    i.clust2sect        ff.o
    0x080010ec   0x000000d6   Code   RO          665    i.create_chain      ff.o
    0x080011c2   0x00000002   PAD
    0x080011c4   0x00000158   Code   RO          666    i.create_name       ff.o
    0x0800131c   0x00000044   Code   RO          251    i.delay_init        delay.o
    0x08001360   0x0000005c   Code   RO          667    i.dir_alloc         ff.o
    0x080013bc   0x0000005c   Code   RO          668    i.dir_find          ff.o
    0x08001418   0x00000110   Code   RO          669    i.dir_next          ff.o
    0x08001528   0x0000003a   Code   RO          671    i.dir_register      ff.o
    0x08001562   0x0000009e   Code   RO          673    i.dir_sdi           ff.o
    0x08001600   0x0000002e   Code   RO          622    i.disk_initialize   diskio.o
    0x0800162e   0x0000004c   Code   RO          623    i.disk_ioctl        diskio.o
    0x0800167a   0x00000044   Code   RO          624    i.disk_read         diskio.o
    0x080016be   0x00000006   Code   RO          625    i.disk_status       diskio.o
    0x080016c4   0x00000028   Code   RO          626    i.disk_write        diskio.o
    0x080016ec   0x00000048   Code   RO          482    i.exti0_init        exti.o
    0x08001734   0x00000020   Code   RO          675    i.f_close           ff.o
    0x08001754   0x0000028e   Code   RO          680    i.f_lseek           ff.o
    0x080019e2   0x00000002   PAD
    0x080019e4   0x0000005c   Code   RO          683    i.f_mount           ff.o
    0x08001a40   0x00000168   Code   RO          684    i.f_open            ff.o
    0x08001ba8   0x000001b0   Code   RO          689    i.f_read            ff.o
    0x08001d58   0x000000b0   Code   RO          694    i.f_sync            ff.o
    0x08001e08   0x000001ea   Code   RO          698    i.f_write           ff.o
    0x08001ff2   0x00000002   PAD
    0x08001ff4   0x00000388   Code   RO          699    i.find_volume       ff.o
    0x0800237c   0x00000090   Code   RO          700    i.follow_path       ff.o
    0x0800240c   0x0000001c   Code   RO          314    i.fputc             usart.o
    0x08002428   0x000000f2   Code   RO          701    i.get_fat           ff.o
    0x0800251a   0x00000048   Code   RO          703    i.get_ldnumber      ff.o
    0x08002562   0x0000000c   Code   RO          447    i.key_init          key.o
    0x0800256e   0x00000002   PAD
    0x08002570   0x00000010   Code   RO          448    i.key_off           key.o
    0x08002580   0x00000024   Code   RO          449    i.key_on            key.o
    0x080025a4   0x00000020   Code   RO          704    i.ld_clust          ff.o
    0x080025c4   0x0000002c   Code   RO          408    i.led1_init         led.o
    0x080025f0   0x00000064   Code   RO          409    i.led234_init       led.o
    0x08002654   0x0000002c   Code   RO          410    i.led5_init         led.o
    0x08002680   0x00000010   Code   RO          411    i.led_init          led.o
    0x08002690   0x00000198   Code   RO            1    i.main              main.o
    0x08002828   0x00000026   Code   RO          705    i.mem_cmp           ff.o
    0x0800284e   0x0000001a   Code   RO          706    i.mem_cpy           ff.o
    0x08002868   0x00000014   Code   RO          707    i.mem_set           ff.o
    0x0800287c   0x00000034   Code   RO          708    i.move_window       ff.o
    0x080028b0   0x0000002c   Code   RO          450    i.pa0_init          key.o
    0x080028dc   0x0000002c   Code   RO          451    i.pb6_init          key.o
    0x08002908   0x00000142   Code   RO          709    i.put_fat           ff.o
    0x08002a4a   0x0000006c   Code   RO          711    i.remove_chain      ff.o
    0x08002ab6   0x00000028   Code   RO          530    i.sd_getCSD         sd.o
    0x08002ade   0x00000026   Code   RO          531    i.sd_getResponse    sd.o
    0x08002b04   0x00000084   Code   RO          532    i.sd_getSector      sd.o
    0x08002b88   0x00000194   Code   RO          533    i.sd_init           sd.o
    0x08002d1c   0x00000070   Code   RO          534    i.sd_read           sd.o
    0x08002d8c   0x0000000c   Code   RO          535    i.sd_readWrite      sd.o
    0x08002d98   0x00000038   Code   RO          536    i.sd_recvData       sd.o
    0x08002dd0   0x00000056   Code   RO          537    i.sd_sendBlock      sd.o
    0x08002e26   0x00000076   Code   RO          538    i.sd_sendCmd        sd.o
    0x08002e9c   0x0000000a   Code   RO          539    i.sd_speedHigh      sd.o
    0x08002ea6   0x0000000a   Code   RO          540    i.sd_speedLow       sd.o
    0x08002eb0   0x00000020   Code   RO          541    i.sd_waitReady      sd.o
    0x08002ed0   0x0000008c   Code   RO          542    i.sd_write          sd.o
    0x08002f5c   0x000000f4   Code   RO          499    i.spi1_init         spi.o
    0x08003050   0x00000054   Code   RO          500    i.spi1_readWriteByte  spi.o
    0x080030a4   0x00000024   Code   RO          501    i.spi1_setSpeed     spi.o
    0x080030c8   0x00000010   Code   RO          712    i.st_clust          ff.o
    0x080030d8   0x000000c8   Code   RO          713    i.sync_fs           ff.o
    0x080031a0   0x00000052   Code   RO          714    i.sync_window       ff.o
    0x080031f2   0x00000002   PAD
    0x080031f4   0x000000a0   Code   RO          318    i.uart3_init        usart.o
    0x08003294   0x00000036   Code   RO          715    i.validate          ff.o
    0x080032ca   0x00000002   PAD
    0x080032cc   0x00000010   Data   RO            2    .constdata          main.o
    0x080032dc   0x00000011   Data   RO         4013    .constdata          c_w.l(__printf_flags_ss_wp.o)
    0x080032ed   0x00000003   PAD
    0x080032f0   0x00000020   Data   RO         4307    Region$$Table       anon$$obj.o


    Execution Region RW_IRAM1 (Base: 0x20000000, Size: 0x00000fd8, Max: 0x00002000, ABSOLUTE)

    Base Addr    Size         Type   Attr      Idx    E Section Name        Object

    0x20000000   0x00000014   Data   RW          203    .data               system_stm32f10x.o
    0x20000014   0x00000004   Data   RW          254    .data               delay.o
    0x20000018   0x00000024   Data   RW          320    .data               usart.o
    0x2000003c   0x00000001   Data   RW          543    .data               sd.o
    0x2000003d   0x00000003   PAD
    0x20000040   0x00000006   Data   RW          717    .data               ff.o
    0x20000046   0x00000014   Data   RW         2604    .data               stm32f10x_rcc.o
    0x2000005a   0x00000002   PAD
    0x2000005c   0x00000903   Zero   RW          319    .bss                usart.o
    0x2000095f   0x00000001   PAD
    0x20000960   0x00000012   Zero   RW          502    .bss                spi.o
    0x20000972   0x00000002   PAD
    0x20000974   0x00000060   Zero   RW         4180    .bss                c_w.l(libspace.o)
    0x200009d4   0x00000004   PAD
    0x200009d8   0x00000200   Zero   RW          245    HEAP                startup_stm32f10x_md_vl.o
    0x20000bd8   0x00000400   Zero   RW          244    STACK               startup_stm32f10x_md_vl.o


==============================================================================

Image component sizes


      Code (inc. data)   RO Data    RW Data    ZI Data      Debug   Object Name

         0          0          0          0          0         32   core_cm3.o
        68         18          0          4          0        577   delay.o
       236          0          0          0          0       4022   diskio.o
        94          0          0          0          0        900   exti.o
      6018         54          0          6          0      29080   ff.o
       152         26          0          0          0       1966   key.o
       204         16          0          0          0       1627   led.o
       408        168         16          0          0     246211   main.o
       172         22          0          0          0       1801   misc.o
      1190         18          0          1          0       7970   sd.o
       364         38          0          0         18       1829   spi.o
        64         26        288          0       1536        768   startup_stm32f10x_md_vl.o
       200         18          0          0          0       1848   stm32f10x_exti.o
       512         10          0          0          0       4668   stm32f10x_gpio.o
        26          0          0          0          0       3486   stm32f10x_it.o
       344         50          0         20          0       5248   stm32f10x_rcc.o
       112          0          0          0          0       3450   stm32f10x_spi.o
       564         28          0          0          0       5165   stm32f10x_usart.o
       292         24          0         20          0       1957   system_stm32f10x.o
       438         54          0         36       2307       5695   usart.o

    ----------------------------------------------------------------------
     11482        570        336         92       3864     328300   Object Totals
         0          0         32          0          0          0   (incl. Generated)
        24          0          0          5          3          0   (incl. Padding)

    ----------------------------------------------------------------------

      Code (inc. data)   RO Data    RW Data    ZI Data      Debug   Library Member Name

        24          4          0          0          0         84   __2printf.o
         8          0          0          0          0         68   __main.o
       392          4         17          0          0         92   __printf_flags_ss_wp.o
        14          0          0          0          0         68   __printf_wp.o
         0          0          0          0          0          0   __rtentry.o
        12          0          0          0          0          0   __rtentry2.o
         6          0          0          0          0          0   __rtentry4.o
        52          8          0          0          0          0   __scatter.o
        26          0          0          0          0          0   __scatter_copy.o
        28          0          0          0          0          0   __scatter_zi.o
        44          0          0          0          0        108   _printf_char.o
        48          6          0          0          0         96   _printf_char_common.o
        36          4          0          0          0         80   _printf_char_file.o
         6          0          0          0          0          0   _printf_d.o
       120         16          0          0          0         92   _printf_dec.o
       178          0          0          0          0         88   _printf_intcommon.o
         0          0          0          0          0          0   _printf_percent.o
         4          0          0          0          0          0   _printf_percent_end.o
         6          0          0          0          0          0   _printf_s.o
        82          0          0          0          0         80   _printf_str.o
        18          0          0          0          0         80   exit.o
         8          0          0          0          0         68   ferror.o
         6          0          0          0          0        152   heapauxi.o
         2          0          0          0          0          0   libinit.o
         2          0          0          0          0          0   libinit2.o
         2          0          0          0          0          0   libshutdown.o
         2          0          0          0          0          0   libshutdown2.o
         8          4          0          0         96         68   libspace.o
         2          0          0          0          0          0   rtexit.o
        10          0          0          0          0          0   rtexit2.o
        74          0          0          0          0         80   sys_stackheap_outer.o
         2          0          0          0          0         68   use_no_semi.o
         2          0          0          0          0         68   use_no_semi_2.o

    ----------------------------------------------------------------------
      1234         46         20          0        100       1440   Library Totals
        10          0          3          0          4          0   (incl. Padding)

    ----------------------------------------------------------------------

      Code (inc. data)   RO Data    RW Data    ZI Data      Debug   Library Name

      1224         46         17          0         96       1440   c_w.l

    ----------------------------------------------------------------------
      1234         46         20          0        100       1440   Library Totals

    ----------------------------------------------------------------------

==============================================================================


      Code (inc. data)   RO Data    RW Data    ZI Data      Debug   

     12716        616        356         92       3964     323392   Grand Totals
     12716        616        356         92       3964     323392   ELF Image Totals
     12716        616        356         92          0          0   ROM Totals

==============================================================================

    Total RO  Size (Code + RO Data)                13072 (  12.77kB)
    Total RW  Size (RW Data + ZI Data)              4056 (   3.96kB)
    Total ROM Size (Code + RO Data + RW Data)      13164 (  12.86kB)

==============================================================================

